.\gradlew.bat : Picked up JAVA_TOOL_OPTIONS: -Duser.language=en -Duser.country=
US
所在位置 行:1 字符: 176
+ ... anguage=en -Duser.country=US"; .\gradlew.bat compileJava 2>&1 | Out-F ...
+                                    ~~~~~~~~~~~~~~~~~~~~~~~~~~~~~~
    + CategoryInfo          : NotSpecified: (Picked up JAVA_...user.country=US 
   :String) [], RemoteException
    + FullyQualifiedErrorId : NativeCommandError
 
WARNING: A restricted method in java.lang.System has been called
WARNING: java.lang.System::load has been called by net.rubygrapefruit.platform.
internal.NativeLibraryLoader in an unnamed module (file:/C:/Users/25463/.gradle
/wrapper/dists/gradle-9.1.0-bin/9agqghryom9wkf8r80qlhnts3/gradle-9.1.0/lib/nati
ve-platform-0.22-milestone-28.jar)
WARNING: Use --enable-native-access=ALL-UNNAMED to avoid a warning for callers 
in this module
WARNING: Restricted methods will be blocked in a future release unless native a
ccess is enabled

To honour the JVM settings for this build a single-use Daemon process will be forked. For more on this, please refer to https://docs.gradle.org/9.1.0/userguide/gradle_daemon.html#sec:disabling_the_daemon in the Gradle documentation.
Daemon will be stopped at the end of the build 
> Task :generateModMetadata UP-TO-DATE
> Task :createMinecraftArtifacts UP-TO-DATE

> Task :compileJava
C:\Users\25463\Desktop\SpartanWeaponry-NeoForge\src\main\java\org\xiyu\spartanw
eaponryunofficial\advancement\criterion\BrewOilTrigger.java:6: error: package n
et.minecraft.advancements.critereon does not exist
import net.minecraft.advancements.critereon.ContextAwarePredicate;
                                           ^
C:\Users\25463\Desktop\SpartanWeaponry-NeoForge\src\main\java\org\xiyu\spartanw
eaponryunofficial\advancement\criterion\BrewOilTrigger.java:7: error: package n
et.minecraft.advancements.critereon does not exist
import net.minecraft.advancements.critereon.EntityPredicate;
                                           ^
C:\Users\25463\Desktop\SpartanWeaponry-NeoForge\src\main\java\org\xiyu\spartanw
eaponryunofficial\advancement\criterion\BrewOilTrigger.java:8: error: package n
et.minecraft.advancements.critereon does not exist
import net.minecraft.advancements.critereon.SimpleCriterionTrigger;
                                           ^
C:\Users\25463\Desktop\SpartanWeaponry-NeoForge\src\main\java\org\xiyu\spartanw
eaponryunofficial\advancement\criterion\BrewOilTrigger.java:12: error: cannot f
ind symbol
import net.minecraft.resources.ResourceLocation;
                              ^
  symbol:   class ResourceLocation
  location: package net.minecraft.resources
C:\Users\25463\Desktop\SpartanWeaponry-NeoForge\src\main\java\org\xiyu\spartanw
eaponryunofficial\advancement\criterion\BrewOilTrigger.java:22: error: cannot f
ind symbol
public class BrewOilTrigger extends SimpleCriterionTrigger<BrewOilTrigger.Trigg
erInstance> {
                                    ^
  symbol: class SimpleCriterionTrigger
C:\Users\25463\Desktop\SpartanWeaponry-NeoForge\src\main\java\org\xiyu\spartanw
eaponryunofficial\advancement\criterion\BrewOilTrigger.java:35: error: package 
SimpleCriterionTrigger does not exist
            implements SimpleCriterionTrigger.SimpleInstance {
                                             ^
C:\Users\25463\Desktop\SpartanWeaponry-NeoForge\src\main\java\org\xiyu\spartanw
eaponryunofficial\advancement\criterion\BrewOilTrigger.java:34: error: cannot f
ind symbol
    public record TriggerInstance(Optional<ContextAwarePredicate> player, Optio
nal<ResourceLocation> oilEffect)
                                           ^
  symbol:   class ContextAwarePredicate
  location: class TriggerInstance
C:\Users\25463\Desktop\SpartanWeaponry-NeoForge\src\main\java\org\xiyu\spartanw
eaponryunofficial\advancement\criterion\BrewOilTrigger.java:34: error: cannot f
ind symbol
    public record TriggerInstance(Optional<ContextAwarePredicate> player, Optio
nal<ResourceLocation> oilEffect)
                                                                               
    ^
  symbol:   class ResourceLocation
  location: class TriggerInstance
C:\Users\25463\Desktop\SpartanWeaponry-NeoForge\src\main\java\org\xiyu\spartanw
eaponryunofficial\advancement\criterion\BrewOilTrigger.java:23: error: cannot f
ind symbol
    public static final ResourceLocation ID = ResourceLocation.fromNamespaceAnd
Path(ModSpartanWeaponry.ID, "brew_oil");
                        ^
  symbol:   class ResourceLocation
  location: class BrewOilTrigger
C:\Users\25463\Desktop\SpartanWeaponry-NeoForge\src\main\java\org\xiyu\spartanw
eaponryunofficial\api\crafting\condition\TypeDisabledCondition.java:6: error: c
annot find symbol
import net.minecraft.resources.ResourceLocation;
                              ^
  symbol:   class ResourceLocation
  location: package net.minecraft.resources
C:\Users\25463\Desktop\SpartanWeaponry-NeoForge\src\main\java\org\xiyu\spartanw
eaponryunofficial\api\crafting\condition\TypeDisabledCondition.java:66: error: 
cannot find symbol
    public static final ResourceLocation NAME = ResourceLocation.fromNamespaceA
ndPath(SpartanWeaponryAPI.MOD_ID, "type_disabled");
                        ^
  symbol:   class ResourceLocation
  location: class TypeDisabledCondition
C:\Users\25463\Desktop\SpartanWeaponry-NeoForge\src\main\java\org\xiyu\spartanw
eaponryunofficial\api\data\model\BaseModels.java:3: error: cannot find symbol
import net.minecraft.resources.ResourceLocation;
                              ^
  symbol:   class ResourceLocation
  location: package net.minecraft.resources
C:\Users\25463\Desktop\SpartanWeaponry-NeoForge\src\main\java\org\xiyu\spartanw
eaponryunofficial\api\data\model\BaseModels.java:12: error: cannot find symbol
    public static final ResourceLocation POLE = ResourceLocation.tryBuild(Spart
anWeaponryAPI.MOD_ID, "item/base/pole");
                        ^
  symbol:   class ResourceLocation
  location: class BaseModels
C:\Users\25463\Desktop\SpartanWeaponry-NeoForge\src\main\java\org\xiyu\spartanw
eaponryunofficial\api\data\model\BaseModels.java:13: error: cannot find symbol
    public static final ResourceLocation DAGGER = ResourceLocation.tryBuild(Spa
rtanWeaponryAPI.MOD_ID, "item/base/dagger");
                        ^
  symbol:   class ResourceLocation
  location: class BaseModels
C:\Users\25463\Desktop\SpartanWeaponry-NeoForge\src\main\java\org\xiyu\spartanw
eaponryunofficial\api\data\model\BaseModels.java:14: error: cannot find symbol
    public static final ResourceLocation PARRYING_DAGGER = ResourceLocation.try
Build(SpartanWeaponryAPI.MOD_ID, "item/base/parrying_dagger");
                        ^
  symbol:   class ResourceLocation
  location: class BaseModels
C:\Users\25463\Desktop\SpartanWeaponry-NeoForge\src\main\java\org\xiyu\spartanw
eaponryunofficial\api\data\model\BaseModels.java:15: error: cannot find symbol
    public static final ResourceLocation LONGSWORD = ResourceLocation.tryBuild(
SpartanWeaponryAPI.MOD_ID, "item/base/longsword");
                        ^
  symbol:   class ResourceLocation
  location: class BaseModels
C:\Users\25463\Desktop\SpartanWeaponry-NeoForge\src\main\java\org\xiyu\spartanw
eaponryunofficial\api\data\model\BaseModels.java:16: error: cannot find symbol
    public static final ResourceLocation KATANA = ResourceLocation.tryBuild(Spa
rtanWeaponryAPI.MOD_ID, "item/base/katana");
                        ^
  symbol:   class ResourceLocation
  location: class BaseModels
C:\Users\25463\Desktop\SpartanWeaponry-NeoForge\src\main\java\org\xiyu\spartanw
eaponryunofficial\api\data\model\BaseModels.java:17: error: cannot find symbol
    public static final ResourceLocation SABER = ResourceLocation.tryBuild(Spar
tanWeaponryAPI.MOD_ID, "item/base/saber");
                        ^
  symbol:   class ResourceLocation
  location: class BaseModels
C:\Users\25463\Desktop\SpartanWeaponry-NeoForge\src\main\java\org\xiyu\spartanw
eaponryunofficial\api\data\model\BaseModels.java:18: error: cannot find symbol
    public static final ResourceLocation RAPIER = ResourceLocation.tryBuild(Spa
rtanWeaponryAPI.MOD_ID, "item/base/rapier");
                        ^
  symbol:   class ResourceLocation
  location: class BaseModels
C:\Users\25463\Desktop\SpartanWeaponry-NeoForge\src\main\java\org\xiyu\spartanw
eaponryunofficial\api\data\model\BaseModels.java:19: error: cannot find symbol
    public static final ResourceLocation GREATSWORD = ResourceLocation.tryBuild
(SpartanWeaponryAPI.MOD_ID, "item/base/greatsword");
                        ^
  symbol:   class ResourceLocation
  location: class BaseModels
C:\Users\25463\Desktop\SpartanWeaponry-NeoForge\src\main\java\org\xiyu\spartanw
eaponryunofficial\api\data\model\BaseModels.java:20: error: cannot find symbol
    public static final ResourceLocation CLUB = ResourceLocation.tryBuild(Spart
anWeaponryAPI.MOD_ID, "item/base/club");
                        ^
  symbol:   class ResourceLocation
  location: class BaseModels
C:\Users\25463\Desktop\SpartanWeaponry-NeoForge\src\main\java\org\xiyu\spartanw
eaponryunofficial\api\data\model\BaseModels.java:21: error: cannot find symbol
    public static final ResourceLocation CESTUS = ResourceLocation.tryBuild(Spa
rtanWeaponryAPI.MOD_ID, "item/base/cestus");
                        ^
  symbol:   class ResourceLocation
  location: class BaseModels
C:\Users\25463\Desktop\SpartanWeaponry-NeoForge\src\main\java\org\xiyu\spartanw
eaponryunofficial\api\data\model\BaseModels.java:22: error: cannot find symbol
    public static final ResourceLocation BATTLE_HAMMER = ResourceLocation.tryBu
ild(SpartanWeaponryAPI.MOD_ID, "item/base/battle_hammer");
                        ^
  symbol:   class ResourceLocation
  location: class BaseModels
C:\Users\25463\Desktop\SpartanWeaponry-NeoForge\src\main\java\org\xiyu\spartanw
eaponryunofficial\api\data\model\BaseModels.java:23: error: cannot find symbol
    public static final ResourceLocation WARHAMMER = ResourceLocation.tryBuild(
SpartanWeaponryAPI.MOD_ID, "item/base/warhammer");
                        ^
  symbol:   class ResourceLocation
  location: class BaseModels
C:\Users\25463\Desktop\SpartanWeaponry-NeoForge\src\main\java\org\xiyu\spartanw
eaponryunofficial\api\data\model\BaseModels.java:24: error: cannot find symbol
    public static final ResourceLocation SPEAR = ResourceLocation.tryBuild(Spar
tanWeaponryAPI.MOD_ID, "item/base/spear");
                        ^
  symbol:   class ResourceLocation
  location: class BaseModels
C:\Users\25463\Desktop\SpartanWeaponry-NeoForge\src\main\java\org\xiyu\spartanw
eaponryunofficial\api\data\model\BaseModels.java:25: error: cannot find symbol
    public static final ResourceLocation HALBERD = ResourceLocation.tryBuild(Sp
artanWeaponryAPI.MOD_ID, "item/base/halberd");
                        ^
  symbol:   class ResourceLocation
  location: class BaseModels
C:\Users\25463\Desktop\SpartanWeaponry-NeoForge\src\main\java\org\xiyu\spartanw
eaponryunofficial\api\data\model\BaseModels.java:26: error: cannot find symbol
    public static final ResourceLocation PIKE = ResourceLocation.tryBuild(Spart
anWeaponryAPI.MOD_ID, "item/base/pike");
                        ^
  symbol:   class ResourceLocation
  location: class BaseModels
C:\Users\25463\Desktop\SpartanWeaponry-NeoForge\src\main\java\org\xiyu\spartanw
eaponryunofficial\api\data\model\BaseModels.java:27: error: cannot find symbol
    public static final ResourceLocation LANCE = ResourceLocation.tryBuild(Spar
tanWeaponryAPI.MOD_ID, "item/base/lance");
                        ^
  symbol:   class ResourceLocation
  location: class BaseModels
C:\Users\25463\Desktop\SpartanWeaponry-NeoForge\src\main\java\org\xiyu\spartanw
eaponryunofficial\api\data\model\BaseModels.java:28: error: cannot find symbol
    public static final ResourceLocation LONGBOW = ResourceLocation.tryBuild(Sp
artanWeaponryAPI.MOD_ID, "item/base/longbow");
                        ^
  symbol:   class ResourceLocation
  location: class BaseModels
C:\Users\25463\Desktop\SpartanWeaponry-NeoForge\src\main\java\org\xiyu\spartanw
eaponryunofficial\api\data\model\BaseModels.java:29: error: cannot find symbol
    public static final ResourceLocation LONGBOW_PULLING = ResourceLocation.try
Build(SpartanWeaponryAPI.MOD_ID, "item/base/longbow_pulling");
                        ^
  symbol:   class ResourceLocation
  location: class BaseModels
C:\Users\25463\Desktop\SpartanWeaponry-NeoForge\src\main\java\org\xiyu\spartanw
eaponryunofficial\api\data\model\BaseModels.java:30: error: cannot find symbol
    public static final ResourceLocation HEAVY_CROSSBOW = ResourceLocation.tryB
uild(SpartanWeaponryAPI.MOD_ID, "item/base/heavy_crossbow");
                        ^
  symbol:   class ResourceLocation
  location: class BaseModels
C:\Users\25463\Desktop\SpartanWeaponry-NeoForge\src\main\java\org\xiyu\spartanw
eaponryunofficial\api\data\model\BaseModels.java:31: error: cannot find symbol
    public static final ResourceLocation HEAVY_CROSSBOW_PULLING = ResourceLocat
ion.tryBuild(SpartanWeaponryAPI.MOD_ID, "item/base/heavy_crossbow_pulling");
                        ^
  symbol:   class ResourceLocation
  location: class BaseModels
C:\Users\25463\Desktop\SpartanWeaponry-NeoForge\src\main\java\org\xiyu\spartanw
eaponryunofficial\api\data\model\BaseModels.java:32: error: cannot find symbol
    public static final ResourceLocation HEAVY_CROSSBOW_LOADED = ResourceLocati
on.tryBuild(SpartanWeaponryAPI.MOD_ID, "item/base/heavy_crossbow_loaded");
                        ^
  symbol:   class ResourceLocation
  location: class BaseModels
C:\Users\25463\Desktop\SpartanWeaponry-NeoForge\src\main\java\org\xiyu\spartanw
eaponryunofficial\api\data\model\BaseModels.java:33: error: cannot find symbol
    public static final ResourceLocation HEAVY_CROSSBOW_FIRING = ResourceLocati
on.tryBuild(SpartanWeaponryAPI.MOD_ID, "item/base/heavy_crossbow_firing");
                        ^
  symbol:   class ResourceLocation
  location: class BaseModels
C:\Users\25463\Desktop\SpartanWeaponry-NeoForge\src\main\java\org\xiyu\spartanw
eaponryunofficial\api\data\model\BaseModels.java:34: error: cannot find symbol
    public static final ResourceLocation THROWING_KNIFE = ResourceLocation.tryB
uild(SpartanWeaponryAPI.MOD_ID, "item/base/throwing_knife");
                        ^
  symbol:   class ResourceLocation
  location: class BaseModels
C:\Users\25463\Desktop\SpartanWeaponry-NeoForge\src\main\java\org\xiyu\spartanw
eaponryunofficial\api\data\model\BaseModels.java:35: error: cannot find symbol
    public static final ResourceLocation THROWING_KNIFE_THROWING = ResourceLoca
tion.tryBuild(SpartanWeaponryAPI.MOD_ID, "item/base/throwing_knife_throwing");
                        ^
  symbol:   class ResourceLocation
  location: class BaseModels
C:\Users\25463\Desktop\SpartanWeaponry-NeoForge\src\main\java\org\xiyu\spartanw
eaponryunofficial\api\data\model\BaseModels.java:36: error: cannot find symbol
    public static final ResourceLocation THROWING_KNIFE_EMPTY = ResourceLocatio
n.tryBuild(SpartanWeaponryAPI.MOD_ID, "item/base/throwing_knife_empty");
                        ^
  symbol:   class ResourceLocation
  location: class BaseModels
C:\Users\25463\Desktop\SpartanWeaponry-NeoForge\src\main\java\org\xiyu\spartanw
eaponryunofficial\api\data\model\BaseModels.java:37: error: cannot find symbol
    public static final ResourceLocation TOMAHAWK = ResourceLocation.tryBuild(S
partanWeaponryAPI.MOD_ID, "item/base/tomahawk");
                        ^
  symbol:   class ResourceLocation
  location: class BaseModels
C:\Users\25463\Desktop\SpartanWeaponry-NeoForge\src\main\java\org\xiyu\spartanw
eaponryunofficial\api\data\model\BaseModels.java:38: error: cannot find symbol
    public static final ResourceLocation TOMAHAWK_THROWING = ResourceLocation.t
ryBuild(SpartanWeaponryAPI.MOD_ID, "item/base/tomahawk_throwing");
                        ^
  symbol:   class ResourceLocation
  location: class BaseModels
C:\Users\25463\Desktop\SpartanWeaponry-NeoForge\src\main\java\org\xiyu\spartanw
eaponryunofficial\api\data\model\BaseModels.java:39: error: cannot find symbol
    public static final ResourceLocation TOMAHAWK_EMPTY = ResourceLocation.tryB
uild(SpartanWeaponryAPI.MOD_ID, "item/base/tomahawk_empty");
                        ^
  symbol:   class ResourceLocation
  location: class BaseModels
C:\Users\25463\Desktop\SpartanWeaponry-NeoForge\src\main\java\org\xiyu\spartanw
eaponryunofficial\api\data\model\BaseModels.java:40: error: cannot find symbol
    public static final ResourceLocation JAVELIN = ResourceLocation.tryBuild(Sp
artanWeaponryAPI.MOD_ID, "item/base/javelin");
                        ^
  symbol:   class ResourceLocation
  location: class BaseModels
C:\Users\25463\Desktop\SpartanWeaponry-NeoForge\src\main\java\org\xiyu\spartanw
eaponryunofficial\api\data\model\BaseModels.java:41: error: cannot find symbol
    public static final ResourceLocation JAVELIN_THROWING = ResourceLocation.tr
yBuild(SpartanWeaponryAPI.MOD_ID, "item/base/javelin_throwing");
                        ^
  symbol:   class ResourceLocation
  location: class BaseModels
C:\Users\25463\Desktop\SpartanWeaponry-NeoForge\src\main\java\org\xiyu\spartanw
eaponryunofficial\api\data\model\BaseModels.java:42: error: cannot find symbol
    public static final ResourceLocation JAVELIN_EMPTY = ResourceLocation.tryBu
ild(SpartanWeaponryAPI.MOD_ID, "item/base/javelin_empty");
                        ^
  symbol:   class ResourceLocation
  location: class BaseModels
C:\Users\25463\Desktop\SpartanWeaponry-NeoForge\src\main\java\org\xiyu\spartanw
eaponryunofficial\api\data\model\BaseModels.java:43: error: cannot find symbol
    public static final ResourceLocation BOOMERANG = ResourceLocation.tryBuild(
SpartanWeaponryAPI.MOD_ID, "item/base/boomerang");
                        ^
  symbol:   class ResourceLocation
  location: class BaseModels
C:\Users\25463\Desktop\SpartanWeaponry-NeoForge\src\main\java\org\xiyu\spartanw
eaponryunofficial\api\data\model\BaseModels.java:44: error: cannot find symbol
    public static final ResourceLocation BOOMERANG_THROWING = ResourceLocation.
tryBuild(SpartanWeaponryAPI.MOD_ID, "item/base/boomerang_throwing");
                        ^
  symbol:   class ResourceLocation
  location: class BaseModels
C:\Users\25463\Desktop\SpartanWeaponry-NeoForge\src\main\java\org\xiyu\spartanw
eaponryunofficial\api\data\model\BaseModels.java:45: error: cannot find symbol
    public static final ResourceLocation BOOMERANG_EMPTY = ResourceLocation.try
Build(SpartanWeaponryAPI.MOD_ID, "item/base/boomerang_empty");
                        ^
  symbol:   class ResourceLocation
  location: class BaseModels
C:\Users\25463\Desktop\SpartanWeaponry-NeoForge\src\main\java\org\xiyu\spartanw
eaponryunofficial\api\data\model\BaseModels.java:46: error: cannot find symbol
    public static final ResourceLocation BATTLEAXE = ResourceLocation.tryBuild(
SpartanWeaponryAPI.MOD_ID, "item/base/battleaxe");
                        ^
  symbol:   class ResourceLocation
  location: class BaseModels
C:\Users\25463\Desktop\SpartanWeaponry-NeoForge\src\main\java\org\xiyu\spartanw
eaponryunofficial\api\data\model\BaseModels.java:47: error: cannot find symbol
    public static final ResourceLocation FLANGED_MACE = ResourceLocation.tryBui
ld(SpartanWeaponryAPI.MOD_ID, "item/base/flanged_mace");
                        ^
  symbol:   class ResourceLocation
  location: class BaseModels
C:\Users\25463\Desktop\SpartanWeaponry-NeoForge\src\main\java\org\xiyu\spartanw
eaponryunofficial\api\data\model\BaseModels.java:48: error: cannot find symbol
    public static final ResourceLocation GLAIVE = ResourceLocation.tryBuild(Spa
rtanWeaponryAPI.MOD_ID, "item/base/glaive");
                        ^
  symbol:   class ResourceLocation
  location: class BaseModels
C:\Users\25463\Desktop\SpartanWeaponry-NeoForge\src\main\java\org\xiyu\spartanw
eaponryunofficial\api\data\model\BaseModels.java:49: error: cannot find symbol
    public static final ResourceLocation QUARTERSTAFF = ResourceLocation.tryBui
ld(SpartanWeaponryAPI.MOD_ID, "item/base/quarterstaff");
                        ^
  symbol:   class ResourceLocation
  location: class BaseModels
C:\Users\25463\Desktop\SpartanWeaponry-NeoForge\src\main\java\org\xiyu\spartanw
eaponryunofficial\api\data\model\BaseModels.java:50: error: cannot find symbol
    public static final ResourceLocation SCYTHE = ResourceLocation.tryBuild(Spa
rtanWeaponryAPI.MOD_ID, "item/base/scythe");
                        ^
  symbol:   class ResourceLocation
  location: class BaseModels
C:\Users\25463\Desktop\SpartanWeaponry-NeoForge\src\main\java\org\xiyu\spartanw
eaponryunofficial\api\data\model\ModelGenerator.java:4: error: cannot find symb
ol
import net.minecraft.resources.ResourceLocation;
                              ^
  symbol:   class ResourceLocation
  location: package net.minecraft.resources
C:\Users\25463\Desktop\SpartanWeaponry-NeoForge\src\main\java\org\xiyu\spartanw
eaponryunofficial\api\data\model\ModelGenerator.java:6: error: package net.neof
orged.neoforge.client.model.generators does not exist
import net.neoforged.neoforge.client.model.generators.ItemModelProvider;
                                                     ^
C:\Users\25463\Desktop\SpartanWeaponry-NeoForge\src\main\java\org\xiyu\spartanw
eaponryunofficial\api\data\model\ModelGenerator.java:7: error: package net.neof
orged.neoforge.client.model.generators.ModelFile does not exist
import net.neoforged.neoforge.client.model.generators.ModelFile.ExistingModelFi
le;
                                                               ^
C:\Users\25463\Desktop\SpartanWeaponry-NeoForge\src\main\java\org\xiyu\spartanw
eaponryunofficial\api\data\model\ModelGenerator.java:20: error: cannot find sym
bol
    protected final ItemModelProvider itemModelProvider;
                    ^
  symbol:   class ItemModelProvider
  location: class ModelGenerator
C:\Users\25463\Desktop\SpartanWeaponry-NeoForge\src\main\java\org\xiyu\spartanw
eaponryunofficial\api\data\model\ModelGenerator.java:22: error: cannot find sym
bol
    public ModelGenerator(ItemModelProvider itemModelProviderIn) {
                          ^
  symbol:   class ItemModelProvider
  location: class ModelGenerator
C:\Users\25463\Desktop\SpartanWeaponry-NeoForge\src\main\java\org\xiyu\spartanw
eaponryunofficial\api\data\model\ModelGenerator.java:63: error: cannot find sym
bol
    public ResourceLocation createSimpleModel(Item item) {
           ^
  symbol:   class ResourceLocation
  location: class ModelGenerator
C:\Users\25463\Desktop\SpartanWeaponry-NeoForge\src\main\java\org\xiyu\spartanw
eaponryunofficial\api\data\model\ModelGenerator.java:74: error: cannot find sym
bol
    public ResourceLocation createSimpleModel(Item item, String textureFolderPa
th) {
           ^
  symbol:   class ResourceLocation
  location: class ModelGenerator
C:\Users\25463\Desktop\SpartanWeaponry-NeoForge\src\main\java\org\xiyu\spartanw
eaponryunofficial\api\data\model\ModelGenerator.java:85: error: cannot find sym
bol
    public ResourceLocation createSimpleModel(Item item, ResourceLocation paren
t) {
                                                         ^
  symbol:   class ResourceLocation
  location: class ModelGenerator
C:\Users\25463\Desktop\SpartanWeaponry-NeoForge\src\main\java\org\xiyu\spartanw
eaponryunofficial\api\data\model\ModelGenerator.java:85: error: cannot find sym
bol
    public ResourceLocation createSimpleModel(Item item, ResourceLocation paren
t) {
           ^
  symbol:   class ResourceLocation
  location: class ModelGenerator
C:\Users\25463\Desktop\SpartanWeaponry-NeoForge\src\main\java\org\xiyu\spartanw
eaponryunofficial\api\data\model\ModelGenerator.java:97: error: cannot find sym
bol
    public ResourceLocation createSimpleModel(Item item, @Nullable ResourceLoca
tion parent, String textureFolderPath) {
                                                                   ^
  symbol:   class ResourceLocation
  location: class ModelGenerator
C:\Users\25463\Desktop\SpartanWeaponry-NeoForge\src\main\java\org\xiyu\spartanw
eaponryunofficial\api\data\model\ModelGenerator.java:97: error: cannot find sym
bol
    public ResourceLocation createSimpleModel(Item item, @Nullable ResourceLoca
tion parent, String textureFolderPath) {
           ^
  symbol:   class ResourceLocation
  location: class ModelGenerator
C:\Users\25463\Desktop\SpartanWeaponry-NeoForge\src\main\java\org\xiyu\spartanw
eaponryunofficial\api\data\model\ModelGenerator.java:113: error: cannot find sy
mbol
    public ResourceLocation createMeleeWeaponModels(Item item, ResourceLocation
 baseModel, ResourceLocation coatingTexture) {
                                                               ^
  symbol:   class ResourceLocation
  location: class ModelGenerator
C:\Users\25463\Desktop\SpartanWeaponry-NeoForge\src\main\java\org\xiyu\spartanw
eaponryunofficial\api\data\model\ModelGenerator.java:113: error: cannot find sy
mbol
    public ResourceLocation createMeleeWeaponModels(Item item, ResourceLocation
 baseModel, ResourceLocation coatingTexture) {
                                                                               
            ^
  symbol:   class ResourceLocation
  location: class ModelGenerator
C:\Users\25463\Desktop\SpartanWeaponry-NeoForge\src\main\java\org\xiyu\spartanw
eaponryunofficial\api\data\model\ModelGenerator.java:113: error: cannot find sy
mbol
    public ResourceLocation createMeleeWeaponModels(Item item, ResourceLocation
 baseModel, ResourceLocation coatingTexture) {
           ^
  symbol:   class ResourceLocation
  location: class ModelGenerator
C:\Users\25463\Desktop\SpartanWeaponry-NeoForge\src\main\java\org\xiyu\spartanw
eaponryunofficial\api\data\model\ModelGenerator.java:126: error: cannot find sy
mbol
    public ResourceLocation createMeleeWeaponModels(Item item, ResourceLocation
 baseModel, ResourceLocation coatingTexture, String textureFolderPath) {
                                                               ^
  symbol:   class ResourceLocation
  location: class ModelGenerator
C:\Users\25463\Desktop\SpartanWeaponry-NeoForge\src\main\java\org\xiyu\spartanw
eaponryunofficial\api\data\model\ModelGenerator.java:126: error: cannot find sy
mbol
    public ResourceLocation createMeleeWeaponModels(Item item, ResourceLocation
 baseModel, ResourceLocation coatingTexture, String textureFolderPath) {
                                                                               
            ^
  symbol:   class ResourceLocation
  location: class ModelGenerator
C:\Users\25463\Desktop\SpartanWeaponry-NeoForge\src\main\java\org\xiyu\spartanw
eaponryunofficial\api\data\model\ModelGenerator.java:126: error: cannot find sy
mbol
    public ResourceLocation createMeleeWeaponModels(Item item, ResourceLocation
 baseModel, ResourceLocation coatingTexture, String textureFolderPath) {
           ^
  symbol:   class ResourceLocation
  location: class ModelGenerator
C:\Users\25463\Desktop\SpartanWeaponry-NeoForge\src\main\java\org\xiyu\spartanw
eaponryunofficial\api\data\model\ModelGenerator.java:157: error: cannot find sy
mbol
    public ResourceLocation createCestusModels(Item item, ResourceLocation base
Model, ResourceLocation coatingTexture) {
                                                          ^
  symbol:   class ResourceLocation
  location: class ModelGenerator
C:\Users\25463\Desktop\SpartanWeaponry-NeoForge\src\main\java\org\xiyu\spartanw
eaponryunofficial\api\data\model\ModelGenerator.java:157: error: cannot find sy
mbol
    public ResourceLocation createCestusModels(Item item, ResourceLocation base
Model, ResourceLocation coatingTexture) {
                                                                               
       ^
  symbol:   class ResourceLocation
  location: class ModelGenerator
C:\Users\25463\Desktop\SpartanWeaponry-NeoForge\src\main\java\org\xiyu\spartanw
eaponryunofficial\api\data\model\ModelGenerator.java:157: error: cannot find sy
mbol
    public ResourceLocation createCestusModels(Item item, ResourceLocation base
Model, ResourceLocation coatingTexture) {
           ^
  symbol:   class ResourceLocation
  location: class ModelGenerator
C:\Users\25463\Desktop\SpartanWeaponry-NeoForge\src\main\java\org\xiyu\spartanw
eaponryunofficial\api\data\model\ModelGenerator.java:170: error: cannot find sy
mbol
    public ResourceLocation createCestusModels(Item item, ResourceLocation base
Model, ResourceLocation coatingTexture, String textureFolderPath) {
                                                          ^
  symbol:   class ResourceLocation
  location: class ModelGenerator
C:\Users\25463\Desktop\SpartanWeaponry-NeoForge\src\main\java\org\xiyu\spartanw
eaponryunofficial\api\data\model\ModelGenerator.java:170: error: cannot find sy
mbol
    public ResourceLocation createCestusModels(Item item, ResourceLocation base
Model, ResourceLocation coatingTexture, String textureFolderPath) {
                                                                               
       ^
  symbol:   class ResourceLocation
  location: class ModelGenerator
C:\Users\25463\Desktop\SpartanWeaponry-NeoForge\src\main\java\org\xiyu\spartanw
eaponryunofficial\api\data\model\ModelGenerator.java:170: error: cannot find sy
mbol
    public ResourceLocation createCestusModels(Item item, ResourceLocation base
Model, ResourceLocation coatingTexture, String textureFolderPath) {
           ^
  symbol:   class ResourceLocation
  location: class ModelGenerator
C:\Users\25463\Desktop\SpartanWeaponry-NeoForge\src\main\java\org\xiyu\spartanw
eaponryunofficial\api\data\model\ModelGenerator.java:196: error: cannot find sy
mbol
    public ResourceLocation createThrowingWeaponModels(Item item, ResourceLocat
ion baseModel, ResourceLocation baseThrowingModel, ResourceLocation emptyModel)
 {
                                                                  ^
  symbol:   class ResourceLocation
  location: class ModelGenerator
C:\Users\25463\Desktop\SpartanWeaponry-NeoForge\src\main\java\org\xiyu\spartanw
eaponryunofficial\api\data\model\ModelGenerator.java:196: error: cannot find sy
mbol
    public ResourceLocation createThrowingWeaponModels(Item item, ResourceLocat
ion baseModel, ResourceLocation baseThrowingModel, ResourceLocation emptyModel)
 {
                                                                               
               ^
  symbol:   class ResourceLocation
  location: class ModelGenerator
C:\Users\25463\Desktop\SpartanWeaponry-NeoForge\src\main\java\org\xiyu\spartanw
eaponryunofficial\api\data\model\ModelGenerator.java:196: error: cannot find sy
mbol
    public ResourceLocation createThrowingWeaponModels(Item item, ResourceLocat
ion baseModel, ResourceLocation baseThrowingModel, ResourceLocation emptyModel)
 {
                                                                               
                                                   ^
  symbol:   class ResourceLocation
  location: class ModelGenerator
C:\Users\25463\Desktop\SpartanWeaponry-NeoForge\src\main\java\org\xiyu\spartanw
eaponryunofficial\api\data\model\ModelGenerator.java:196: error: cannot find sy
mbol
    public ResourceLocation createThrowingWeaponModels(Item item, ResourceLocat
ion baseModel, ResourceLocation baseThrowingModel, ResourceLocation emptyModel)
 {
           ^
  symbol:   class ResourceLocation
  location: class ModelGenerator
C:\Users\25463\Desktop\SpartanWeaponry-NeoForge\src\main\java\org\xiyu\spartanw
eaponryunofficial\api\data\model\ModelGenerator.java:210: error: cannot find sy
mbol
    public ResourceLocation createThrowingWeaponModels(Item item, ResourceLocat
ion baseModel, ResourceLocation baseThrowingModel, ResourceLocation emptyModel,
 String textureFolderPath) {
                                                                  ^
  symbol:   class ResourceLocation
  location: class ModelGenerator
C:\Users\25463\Desktop\SpartanWeaponry-NeoForge\src\main\java\org\xiyu\spartanw
eaponryunofficial\api\data\model\ModelGenerator.java:210: error: cannot find sy
mbol
    public ResourceLocation createThrowingWeaponModels(Item item, ResourceLocat
ion baseModel, ResourceLocation baseThrowingModel, ResourceLocation emptyModel,
 String textureFolderPath) {
                                                                               
               ^
  symbol:   class ResourceLocation
  location: class ModelGenerator
C:\Users\25463\Desktop\SpartanWeaponry-NeoForge\src\main\java\org\xiyu\spartanw
eaponryunofficial\api\data\model\ModelGenerator.java:210: error: cannot find sy
mbol
    public ResourceLocation createThrowingWeaponModels(Item item, ResourceLocat
ion baseModel, ResourceLocation baseThrowingModel, ResourceLocation emptyModel,
 String textureFolderPath) {
                                                                               
                                                   ^
  symbol:   class ResourceLocation
  location: class ModelGenerator
C:\Users\25463\Desktop\SpartanWeaponry-NeoForge\src\main\java\org\xiyu\spartanw
eaponryunofficial\api\data\model\ModelGenerator.java:210: error: cannot find sy
mbol
    public ResourceLocation createThrowingWeaponModels(Item item, ResourceLocat
ion baseModel, ResourceLocation baseThrowingModel, ResourceLocation emptyModel,
 String textureFolderPath) {
           ^
  symbol:   class ResourceLocation
  location: class ModelGenerator
C:\Users\25463\Desktop\SpartanWeaponry-NeoForge\src\main\java\org\xiyu\spartanw
eaponryunofficial\api\data\model\ModelGenerator.java:227: error: cannot find sy
mbol
    public ResourceLocation createVanillaSwordModels(Item item) {
           ^
  symbol:   class ResourceLocation
  location: class ModelGenerator
C:\Users\25463\Desktop\SpartanWeaponry-NeoForge\src\main\java\org\xiyu\spartanw
eaponryunofficial\api\data\model\ModelGenerator.java:243: error: cannot find sy
mbol
    public ResourceLocation createDaggerModels(Item item) {
           ^
  symbol:   class ResourceLocation
  location: class ModelGenerator
C:\Users\25463\Desktop\SpartanWeaponry-NeoForge\src\main\java\org\xiyu\spartanw
eaponryunofficial\api\data\model\ModelGenerator.java:254: error: cannot find sy
mbol
    public ResourceLocation createDaggerModels(Item item, String textureFolderP
ath) {
           ^
  symbol:   class ResourceLocation
  location: class ModelGenerator
C:\Users\25463\Desktop\SpartanWeaponry-NeoForge\src\main\java\org\xiyu\spartanw
eaponryunofficial\api\data\model\ModelGenerator.java:264: error: cannot find sy
mbol
    public ResourceLocation createParryingDaggerModels(Item item) {
           ^
  symbol:   class ResourceLocation
  location: class ModelGenerator
C:\Users\25463\Desktop\SpartanWeaponry-NeoForge\src\main\java\org\xiyu\spartanw
eaponryunofficial\api\data\model\ModelGenerator.java:275: error: cannot find sy
mbol
    public ResourceLocation createParryingDaggerModels(Item item, String textur
eFolderPath) {
           ^
  symbol:   class ResourceLocation
  location: class ModelGenerator
C:\Users\25463\Desktop\SpartanWeaponry-NeoForge\src\main\java\org\xiyu\spartanw
eaponryunofficial\api\data\model\ModelGenerator.java:285: error: cannot find sy
mbol
    public ResourceLocation createLongswordModel(Item item) {
           ^
  symbol:   class ResourceLocation
  location: class ModelGenerator
C:\Users\25463\Desktop\SpartanWeaponry-NeoForge\src\main\java\org\xiyu\spartanw
eaponryunofficial\api\data\model\ModelGenerator.java:296: error: cannot find sy
mbol
    public ResourceLocation createLongswordModel(Item item, String textureFolde
rPath) {
           ^
  symbol:   class ResourceLocation
  location: class ModelGenerator
C:\Users\25463\Desktop\SpartanWeaponry-NeoForge\src\main\java\org\xiyu\spartanw
eaponryunofficial\api\data\model\ModelGenerator.java:306: error: cannot find sy
mbol
    public ResourceLocation createKatanaModel(Item item) {
           ^
  symbol:   class ResourceLocation
  location: class ModelGenerator
C:\Users\25463\Desktop\SpartanWeaponry-NeoForge\src\main\java\org\xiyu\spartanw
eaponryunofficial\api\data\model\ModelGenerator.java:317: error: cannot find sy
mbol
    public ResourceLocation createKatanaModel(Item item, String textureFolderPa
th) {
           ^
  symbol:   class ResourceLocation
  location: class ModelGenerator
C:\Users\25463\Desktop\SpartanWeaponry-NeoForge\src\main\java\org\xiyu\spartanw
eaponryunofficial\api\data\model\ModelGenerator.java:327: error: cannot find sy
mbol
    public ResourceLocation createSaberModel(Item item) {
           ^
  symbol:   class ResourceLocation
  location: class ModelGenerator
C:\Users\25463\Desktop\SpartanWeaponry-NeoForge\src\main\java\org\xiyu\spartanw
eaponryunofficial\api\data\model\ModelGenerator.java:338: error: cannot find sy
mbol
    public ResourceLocation createSaberModel(Item item, String textureFolderPat
h) {
           ^
  symbol:   class ResourceLocation
  location: class ModelGenerator
C:\Users\25463\Desktop\SpartanWeaponry-NeoForge\src\main\java\org\xiyu\spartanw
eaponryunofficial\api\data\model\ModelGenerator.java:348: error: cannot find sy
mbol
    public ResourceLocation createRapierModel(Item item) {
           ^
  symbol:   class ResourceLocation
  location: class ModelGenerator
C:\Users\25463\Desktop\SpartanWeaponry-NeoForge\src\main\java\org\xiyu\spartanw
eaponryunofficial\api\data\model\ModelGenerator.java:359: error: cannot find sy
mbol
    public ResourceLocation createRapierModel(Item item, String textureFolderPa
th) {
           ^
  symbol:   class ResourceLocation
  location: class ModelGenerator
C:\Users\25463\Desktop\SpartanWeaponry-NeoForge\src\main\java\org\xiyu\spartanw
eaponryunofficial\api\data\model\ModelGenerator.java:369: error: cannot find sy
mbol
    public ResourceLocation createGreatswordModel(Item item) {
           ^
  symbol:   class ResourceLocation
  location: class ModelGenerator
C:\Users\25463\Desktop\SpartanWeaponry-NeoForge\src\main\java\org\xiyu\spartanw
eaponryunofficial\api\data\model\ModelGenerator.java:380: error: cannot find sy
mbol
    public ResourceLocation createGreatswordModel(Item item, String textureFold
erPath) {
           ^
  symbol:   class ResourceLocation
  location: class ModelGenerator
C:\Users\25463\Desktop\SpartanWeaponry-NeoForge\src\main\java\org\xiyu\spartanw
eaponryunofficial\api\data\model\ModelGenerator.java:390: error: cannot find sy
mbol
    public ResourceLocation createClubModel(Item item) {
           ^
  symbol:   class ResourceLocation
  location: class ModelGenerator
C:\Users\25463\Desktop\SpartanWeaponry-NeoForge\src\main\java\org\xiyu\spartanw
eaponryunofficial\api\data\model\ModelGenerator.java:401: error: cannot find sy
mbol
    public ResourceLocation createClubModel(Item item, String textureFolderPath
) {
           ^
  symbol:   class ResourceLocation
  location: class ModelGenerator
C:\Users\25463\Desktop\SpartanWeaponry-NeoForge\src\main\java\org\xiyu\spartanw
eaponryunofficial\api\data\model\ModelGenerator.java:411: error: cannot find sy
mbol
    public ResourceLocation createCestusModel(Item item) {
           ^
  symbol:   class ResourceLocation
  location: class ModelGenerator
C:\Users\25463\Desktop\SpartanWeaponry-NeoForge\src\main\java\org\xiyu\spartanw
eaponryunofficial\api\data\recipe\ConditionalShapelessRecipeBuilder.java:138: w
arning: [removal] parent(Identifier) in Builder has been deprecated and marked 
for removal
        advancement.parent(RecipeBuilder.ROOT_RECIPE_ADVANCEMENT)
                   ^
C:\Users\25463\Desktop\SpartanWeaponry-NeoForge\src\main\java\org\xiyu\spartanw
eaponryunofficial\capability\IQuiverItemHandler.java:5: warning: [removal] IIte
mHandler in net.neoforged.neoforge.items has been deprecated and marked for rem
oval
public interface IQuiverItemHandler extends IItemHandler {
                                            ^
C:\Users\25463\Desktop\SpartanWeaponry-NeoForge\src\main\java\org\xiyu\spartanw
eaponryunofficial\capability\QuiverItemStackHandler.java:12: warning: [removal]
 ItemStackHandler in net.neoforged.neoforge.items has been deprecated and marke
d for removal
public class QuiverItemStackHandler extends ItemStackHandler implements IQuiver
ItemHandler {
                                            ^
C:\Users\25463\Desktop\SpartanWeaponry-NeoForge\src\main\java\org\xiyu\spartanw
eaponryunofficial\client\gui\container\QuiverBaseScreen.java:53: warning: [remo
val] getSlots() in IItemHandler has been deprecated and marked for removal
        this.ammoSlots = handler != null ? handler.getSlots() : Defaults.SlotsQ
uiverSmall;
                                                  ^
C:\Users\25463\Desktop\SpartanWeaponry-NeoForge\src\main\java\org\xiyu\spartanw
eaponryunofficial\inventory\QuiverBaseMenu.java:40: warning: [removal] getSlots
() in IItemHandler has been deprecated and marked for removal
        this.playerInvStart = this.handler.getSlots();
                                          ^
C:\Users\25463\Desktop\SpartanWeaponry-NeoForge\src\main\java\org\xiyu\spartanw
eaponryunofficial\inventory\QuiverBaseMenu.java:55: warning: [removal] getSlots
() in IItemHandler has been deprecated and marked for removal
        slotStartX = switch (this.handler.getSlots()) {
                                         ^
C:\Users\25463\Desktop\SpartanWeaponry-NeoForge\src\main\java\org\xiyu\spartanw
eaponryunofficial\inventory\QuiverBaseMenu.java:72: warning: [removal] getSlots
() in IItemHandler has been deprecated and marked for removal
        for (int i = 0; i < this.handler.getSlots(); i++) {
                                        ^
C:\Users\25463\Desktop\SpartanWeaponry-NeoForge\src\main\java\org\xiyu\spartanw
eaponryunofficial\inventory\QuiverBaseMenu.java:79: warning: [removal] getSlots
() in IItemHandler has been deprecated and marked for removal
        int yOffset = this.handler.getSlots() == Defaults.SlotsQuiverHuge ? 18 
: 0;
                                  ^
C:\Users\25463\Desktop\SpartanWeaponry-NeoForge\src\main\java\org\xiyu\spartanw
eaponryunofficial\inventory\QuiverBaseMenu.java:94: warning: [removal] getSlots
() in IItemHandler has been deprecated and marked for removal
        this.addSlot(new Slot(inventory, 40, -21, this.handler.getSlots() == De
faults.SlotsQuiverHuge ? 127 : 109).setBackground(InventoryMenu.BLOCK_ATLAS, In
ventoryMenu.EMPTY_ARMOR_SLOT_SHIELD));
                                                              ^
C:\Users\25463\Desktop\SpartanWeaponry-NeoForge\src\main\java\org\xiyu\spartanw
eaponryunofficial\inventory\QuiverBaseMenu.java:107: warning: [removal] getSlot
s() in IItemHandler has been deprecated and marked for removal
            if (slotIdx >= 0 && slotIdx < this.handler.getSlots()) {
                                                      ^
C:\Users\25463\Desktop\SpartanWeaponry-NeoForge\src\main\java\org\xiyu\spartanw
eaponryunofficial\data\recipe\TagCookingRecipeBuilder.java:99: warning: [remova
l] parent(Identifier) in Builder has been deprecated and marked for removal
        advancement.parent(ROOT_RECIPE_ADVANCEMENT)
                   ^
C:\Users\25463\Desktop\SpartanWeaponry-NeoForge\src\main\java\org\xiyu\spartanw
eaponryunofficial\event\CommonEventHandler.java:352: warning: [removal] insertI
tem(int,ItemStack,boolean) in IItemHandler has been deprecated and marked for r
emoval
            arrowStack = quiverHandler.insertItem(prioritySlot, arrowStack, fal
se);
                                      ^
C:\Users\25463\Desktop\SpartanWeaponry-NeoForge\src\main\java\org\xiyu\spartanw
eaponryunofficial\event\CommonEventHandler.java:354: warning: [removal] getSlot
s() in IItemHandler has been deprecated and marked for removal
                for (int j = 0; j < quiverHandler.getSlots(); j++) {
                                                 ^
C:\Users\25463\Desktop\SpartanWeaponry-NeoForge\src\main\java\org\xiyu\spartanw
eaponryunofficial\event\CommonEventHandler.java:358: warning: [removal] insertI
tem(int,ItemStack,boolean) in IItemHandler has been deprecated and marked for r
emoval
                    arrowStack = quiverHandler.insertItem(j, arrowStack, false)
;
                                              ^
C:\Users\25463\Desktop\SpartanWeaponry-NeoForge\src\main\java\org\xiyu\spartanw
eaponryunofficial\event\CommonEventHandler.java:379: warning: [removal] getSlot
s() in IItemHandler has been deprecated and marked for removal
            if (prioritySlot <= quiverHandler.getSlots()) {
                                             ^
C:\Users\25463\Desktop\SpartanWeaponry-NeoForge\src\main\java\org\xiyu\spartanw
eaponryunofficial\event\CommonEventHandler.java:380: warning: [removal] extract
Item(int,int,boolean) in IItemHandler has been deprecated and marked for remova
l
                arrowStack = quiverHandler.extractItem(prioritySlot, 64, false)
;
                                          ^
C:\Users\25463\Desktop\SpartanWeaponry-NeoForge\src\main\java\org\xiyu\spartanw
eaponryunofficial\event\CommonEventHandler.java:386: warning: [removal] getSlot
s() in IItemHandler has been deprecated and marked for removal
                for (int j = 0; j < quiverHandler.getSlots(); j++) {
                                                 ^
C:\Users\25463\Desktop\SpartanWeaponry-NeoForge\src\main\java\org\xiyu\spartanw
eaponryunofficial\event\CommonEventHandler.java:390: warning: [removal] extract
Item(int,int,boolean) in IItemHandler has been deprecated and marked for remova
l
                    arrowStack = quiverHandler.extractItem(j, 64, false);
                                              ^
C:\Users\25463\Desktop\SpartanWeaponry-NeoForge\src\main\java\org\xiyu\spartanw
eaponryunofficial\event\CommonEventHandler.java:420: warning: [removal] getSlot
s() in IItemHandler has been deprecated and marked for removal
                        for (int i = 0; i < quiverHandler.getSlots(); i++) {
                                                         ^
C:\Users\25463\Desktop\SpartanWeaponry-NeoForge\src\main\java\org\xiyu\spartanw
eaponryunofficial\event\CommonEventHandler.java:421: warning: [removal] insertI
tem(int,ItemStack,boolean) in IItemHandler has been deprecated and marked for r
emoval
                            pickedUpStack = quiverHandler.insertItem(i, pickedU
pStack, false);
                                                         ^
C:\Users\25463\Desktop\SpartanWeaponry-NeoForge\src\main\java\org\xiyu\spartanw
eaponryunofficial\inventory\SlotFiltered.java:10: warning: [removal] SlotItemHa
ndler in net.neoforged.neoforge.items has been deprecated and marked for remova
l
public class SlotFiltered extends SlotItemHandler {
                                  ^
C:\Users\25463\Desktop\SpartanWeaponry-NeoForge\src\main\java\org\xiyu\spartanw
eaponryunofficial\inventory\SlotFiltered.java:13: warning: [removal] IItemHandl
er in net.neoforged.neoforge.items has been deprecated and marked for removal
    public SlotFiltered(IItemHandler handlerIn, int indexIn, int xPositionIn, i
nt yPositionIn, Predicate<ItemStack> filterIn) {
                        ^
C:\Users\25463\Desktop\SpartanWeaponry-NeoForge\src\main\java\org\xiyu\spartanw
eaponryunofficial\mixin\AbstractArrowMixin.java:63: warning: [removal] getSlots
() in IItemHandler has been deprecated and marked for removal
                                for (int i = 0; i < quiverHandler.getSlots(); i
++) {
                                                                 ^
C:\Users\25463\Desktop\SpartanWeaponry-NeoForge\src\main\java\org\xiyu\spartanw
eaponryunofficial\mixin\AbstractArrowMixin.java:64: warning: [removal] insertIt
em(int,ItemStack,boolean) in IItemHandler has been deprecated and marked for re
moval
                                    arrowStack = quiverHandler.insertItem(i, ar
rowStack, false);
                                                              ^
Note: Some input files use or override a deprecated API.
Note: Recompile with -Xlint:deprecation for details.
Note: Some input files use unchecked or unsafe operations.
Note: Recompile with -Xlint:unchecked for details.
Note: Some messages have been simplified; recompile with -Xdiags:verbose to get
 full output
100 errors
24 warnings

> Task :compileJava FAILED

[Incubating] Problems report is available at: file:///C:/Users/25463/Desktop/SpartanWeaponry-NeoForge/build/reports/problems/problems-report.html

FAILURE: Build failed with an exception.

* What went wrong:
Execution failed for task ':compileJava'.
> Compilation failed; see the compiler output below.
  Note: Recompile with -Xlint:deprecation for details.
  C:\Users\25463\Desktop\SpartanWeaponry-NeoForge\src\main\java\org\xiyu\sparta
nweaponryunofficial\advancement\criterion\BrewOilTrigger.java:12: error: cannot
 find symbol
  import net.minecraft.resources.ResourceLocation;
                                ^
    symbol:   class ResourceLocation
    location: package net.minecraft.resources
  C:\Users\25463\Desktop\SpartanWeaponry-NeoForge\src\main\java\org\xiyu\sparta
nweaponryunofficial\advancement\criterion\BrewOilTrigger.java:34: error: cannot
 find symbol
      public record TriggerInstance(Optional<ContextAwarePredicate> player, Opt
ional<ResourceLocation> oilEffect)
                                             ^
    symbol:   class ContextAwarePredicate
    location: class TriggerInstance
  C:\Users\25463\Desktop\SpartanWeaponry-NeoForge\src\main\java\org\xiyu\sparta
nweaponryunofficial\advancement\criterion\BrewOilTrigger.java:34: error: cannot
 find symbol
      public record TriggerInstance(Optional<ContextAwarePredicate> player, Opt
ional<ResourceLocation> oilEffect)
                                                                               
      ^
    symbol:   class ResourceLocation
    location: class TriggerInstance
  C:\Users\25463\Desktop\SpartanWeaponry-NeoForge\src\main\java\org\xiyu\sparta
nweaponryunofficial\advancement\criterion\BrewOilTrigger.java:23: error: cannot
 find symbol
      public static final ResourceLocation ID = ResourceLocation.fromNamespaceA
ndPath(ModSpartanWeaponry.ID, "brew_oil");
                          ^
    symbol:   class ResourceLocation
    location: class BrewOilTrigger
  C:\Users\25463\Desktop\SpartanWeaponry-NeoForge\src\main\java\org\xiyu\sparta
nweaponryunofficial\api\crafting\condition\TypeDisabledCondition.java:6: error:
 cannot find symbol
  import net.minecraft.resources.ResourceLocation;
                                ^
    symbol:   class ResourceLocation
    location: package net.minecraft.resources
  C:\Users\25463\Desktop\SpartanWeaponry-NeoForge\src\main\java\org\xiyu\sparta
nweaponryunofficial\api\crafting\condition\TypeDisabledCondition.java:66: error
: cannot find symbol
      public static final ResourceLocation NAME = ResourceLocation.fromNamespac
eAndPath(SpartanWeaponryAPI.MOD_ID, "type_disabled");
                          ^
    symbol:   class ResourceLocation
    location: class TypeDisabledCondition
  C:\Users\25463\Desktop\SpartanWeaponry-NeoForge\src\main\java\org\xiyu\sparta
nweaponryunofficial\api\data\model\BaseModels.java:3: error: cannot find symbol
  import net.minecraft.resources.ResourceLocation;
                                ^
    symbol:   class ResourceLocation
    location: package net.minecraft.resources
  C:\Users\25463\Desktop\SpartanWeaponry-NeoForge\src\main\java\org\xiyu\sparta
nweaponryunofficial\api\data\model\BaseModels.java:12: error: cannot find symbo
l
      public static final ResourceLocation POLE = ResourceLocation.tryBuild(Spa
rtanWeaponryAPI.MOD_ID, "item/base/pole");
                          ^
    symbol:   class ResourceLocation
    location: class BaseModels
  C:\Users\25463\Desktop\SpartanWeaponry-NeoForge\src\main\java\org\xiyu\sparta
nweaponryunofficial\api\data\model\BaseModels.java:13: error: cannot find symbo
l
      public static final ResourceLocation DAGGER = ResourceLocation.tryBuild(S
partanWeaponryAPI.MOD_ID, "item/base/dagger");
                          ^
    symbol:   class ResourceLocation
    location: class BaseModels
  C:\Users\25463\Desktop\SpartanWeaponry-NeoForge\src\main\java\org\xiyu\sparta
nweaponryunofficial\api\data\model\BaseModels.java:14: error: cannot find symbo
l
      public static final ResourceLocation PARRYING_DAGGER = ResourceLocation.t
ryBuild(SpartanWeaponryAPI.MOD_ID, "item/base/parrying_dagger");
                          ^
    symbol:   class ResourceLocation
    location: class BaseModels
  C:\Users\25463\Desktop\SpartanWeaponry-NeoForge\src\main\java\org\xiyu\sparta
nweaponryunofficial\api\data\model\BaseModels.java:15: error: cannot find symbo
l
      public static final ResourceLocation LONGSWORD = ResourceLocation.tryBuil
d(SpartanWeaponryAPI.MOD_ID, "item/base/longsword");
                          ^
    symbol:   class ResourceLocation
    location: class BaseModels
  C:\Users\25463\Desktop\SpartanWeaponry-NeoForge\src\main\java\org\xiyu\sparta
nweaponryunofficial\api\data\model\BaseModels.java:16: error: cannot find symbo
l
      public static final ResourceLocation KATANA = ResourceLocation.tryBuild(S
partanWeaponryAPI.MOD_ID, "item/base/katana");
                          ^
    symbol:   class ResourceLocation
    location: class BaseModels
  C:\Users\25463\Desktop\SpartanWeaponry-NeoForge\src\main\java\org\xiyu\sparta
nweaponryunofficial\api\data\model\BaseModels.java:17: error: cannot find symbo
l
      public static final ResourceLocation SABER = ResourceLocation.tryBuild(Sp
artanWeaponryAPI.MOD_ID, "item/base/saber");
                          ^
    symbol:   class ResourceLocation
    location: class BaseModels
  C:\Users\25463\Desktop\SpartanWeaponry-NeoForge\src\main\java\org\xiyu\sparta
nweaponryunofficial\api\data\model\BaseModels.java:18: error: cannot find symbo
l
      public static final ResourceLocation RAPIER = ResourceLocation.tryBuild(S
partanWeaponryAPI.MOD_ID, "item/base/rapier");
                          ^
    symbol:   class ResourceLocation
    location: class BaseModels
  C:\Users\25463\Desktop\SpartanWeaponry-NeoForge\src\main\java\org\xiyu\sparta
nweaponryunofficial\api\data\model\BaseModels.java:19: error: cannot find symbo
l
      public static final ResourceLocation GREATSWORD = ResourceLocation.tryBui
ld(SpartanWeaponryAPI.MOD_ID, "item/base/greatsword");
                          ^
    symbol:   class ResourceLocation
    location: class BaseModels
  C:\Users\25463\Desktop\SpartanWeaponry-NeoForge\src\main\java\org\xiyu\sparta
nweaponryunofficial\api\data\model\BaseModels.java:20: error: cannot find symbo
l
      public static final ResourceLocation CLUB = ResourceLocation.tryBuild(Spa
rtanWeaponryAPI.MOD_ID, "item/base/club");
                          ^
    symbol:   class ResourceLocation
    location: class BaseModels
  C:\Users\25463\Desktop\SpartanWeaponry-NeoForge\src\main\java\org\xiyu\sparta
nweaponryunofficial\api\data\model\BaseModels.java:21: error: cannot find symbo
l
      public static final ResourceLocation CESTUS = ResourceLocation.tryBuild(S
partanWeaponryAPI.MOD_ID, "item/base/cestus");
                          ^
    symbol:   class ResourceLocation
    location: class BaseModels
  C:\Users\25463\Desktop\SpartanWeaponry-NeoForge\src\main\java\org\xiyu\sparta
nweaponryunofficial\api\data\model\BaseModels.java:22: error: cannot find symbo
l
      public static final ResourceLocation BATTLE_HAMMER = ResourceLocation.try
Build(SpartanWeaponryAPI.MOD_ID, "item/base/battle_hammer");
                          ^
    symbol:   class ResourceLocation
    location: class BaseModels
  C:\Users\25463\Desktop\SpartanWeaponry-NeoForge\src\main\java\org\xiyu\sparta
nweaponryunofficial\api\data\model\BaseModels.java:23: error: cannot find symbo
l
      public static final ResourceLocation WARHAMMER = ResourceLocation.tryBuil
d(SpartanWeaponryAPI.MOD_ID, "item/base/warhammer");
                          ^
    symbol:   class ResourceLocation
    location: class BaseModels
  C:\Users\25463\Desktop\SpartanWeaponry-NeoForge\src\main\java\org\xiyu\sparta
nweaponryunofficial\api\data\model\BaseModels.java:24: error: cannot find symbo
l
      public static final ResourceLocation SPEAR = ResourceLocation.tryBuild(Sp
artanWeaponryAPI.MOD_ID, "item/base/spear");
                          ^
    symbol:   class ResourceLocation
    location: class BaseModels
  C:\Users\25463\Desktop\SpartanWeaponry-NeoForge\src\main\java\org\xiyu\sparta
nweaponryunofficial\api\data\model\BaseModels.java:25: error: cannot find symbo
l
      public static final ResourceLocation HALBERD = ResourceLocation.tryBuild(
SpartanWeaponryAPI.MOD_ID, "item/base/halberd");
                          ^
    symbol:   class ResourceLocation
    location: class BaseModels
  C:\Users\25463\Desktop\SpartanWeaponry-NeoForge\src\main\java\org\xiyu\sparta
nweaponryunofficial\api\data\model\BaseModels.java:26: error: cannot find symbo
l
      public static final ResourceLocation PIKE = ResourceLocation.tryBuild(Spa
rtanWeaponryAPI.MOD_ID, "item/base/pike");
                          ^
    symbol:   class ResourceLocation
    location: class BaseModels
  C:\Users\25463\Desktop\SpartanWeaponry-NeoForge\src\main\java\org\xiyu\sparta
nweaponryunofficial\api\data\model\BaseModels.java:27: error: cannot find symbo
l
      public static final ResourceLocation LANCE = ResourceLocation.tryBuild(Sp
artanWeaponryAPI.MOD_ID, "item/base/lance");
                          ^
    symbol:   class ResourceLocation
    location: class BaseModels
  C:\Users\25463\Desktop\SpartanWeaponry-NeoForge\src\main\java\org\xiyu\sparta
nweaponryunofficial\api\data\model\BaseModels.java:28: error: cannot find symbo
l
      public static final ResourceLocation LONGBOW = ResourceLocation.tryBuild(
SpartanWeaponryAPI.MOD_ID, "item/base/longbow");
                          ^
    symbol:   class ResourceLocation
    location: class BaseModels
  C:\Users\25463\Desktop\SpartanWeaponry-NeoForge\src\main\java\org\xiyu\sparta
nweaponryunofficial\api\data\model\BaseModels.java:29: error: cannot find symbo
l
      public static final ResourceLocation LONGBOW_PULLING = ResourceLocation.t
ryBuild(SpartanWeaponryAPI.MOD_ID, "item/base/longbow_pulling");
                          ^
    symbol:   class ResourceLocation
    location: class BaseModels
  C:\Users\25463\Desktop\SpartanWeaponry-NeoForge\src\main\java\org\xiyu\sparta
nweaponryunofficial\api\data\model\BaseModels.java:30: error: cannot find symbo
l
      public static final ResourceLocation HEAVY_CROSSBOW = ResourceLocation.tr
yBuild(SpartanWeaponryAPI.MOD_ID, "item/base/heavy_crossbow");
                          ^
    symbol:   class ResourceLocation
    location: class BaseModels
  C:\Users\25463\Desktop\SpartanWeaponry-NeoForge\src\main\java\org\xiyu\sparta
nweaponryunofficial\api\data\model\BaseModels.java:31: error: cannot find symbo
l
      public static final ResourceLocation HEAVY_CROSSBOW_PULLING = ResourceLoc
ation.tryBuild(SpartanWeaponryAPI.MOD_ID, "item/base/heavy_crossbow_pulling");
                          ^
    symbol:   class ResourceLocation
    location: class BaseModels
  C:\Users\25463\Desktop\SpartanWeaponry-NeoForge\src\main\java\org\xiyu\sparta
nweaponryunofficial\api\data\model\BaseModels.java:32: error: cannot find symbo
l
      public static final ResourceLocation HEAVY_CROSSBOW_LOADED = ResourceLoca
tion.tryBuild(SpartanWeaponryAPI.MOD_ID, "item/base/heavy_crossbow_loaded");
                          ^
    symbol:   class ResourceLocation
    location: class BaseModels
  C:\Users\25463\Desktop\SpartanWeaponry-NeoForge\src\main\java\org\xiyu\sparta
nweaponryunofficial\api\data\model\BaseModels.java:33: error: cannot find symbo
l
      public static final ResourceLocation HEAVY_CROSSBOW_FIRING = ResourceLoca
tion.tryBuild(SpartanWeaponryAPI.MOD_ID, "item/base/heavy_crossbow_firing");
                          ^
    symbol:   class ResourceLocation
    location: class BaseModels
  C:\Users\25463\Desktop\SpartanWeaponry-NeoForge\src\main\java\org\xiyu\sparta
nweaponryunofficial\api\data\model\BaseModels.java:34: error: cannot find symbo
l
      public static final ResourceLocation THROWING_KNIFE = ResourceLocation.tr
yBuild(SpartanWeaponryAPI.MOD_ID, "item/base/throwing_knife");
                          ^
    symbol:   class ResourceLocation
    location: class BaseModels
  C:\Users\25463\Desktop\SpartanWeaponry-NeoForge\src\main\java\org\xiyu\sparta
nweaponryunofficial\api\data\model\BaseModels.java:35: error: cannot find symbo
l
      public static final ResourceLocation THROWING_KNIFE_THROWING = ResourceLo
cation.tryBuild(SpartanWeaponryAPI.MOD_ID, "item/base/throwing_knife_throwing")
;
                          ^
    symbol:   class ResourceLocation
    location: class BaseModels
  C:\Users\25463\Desktop\SpartanWeaponry-NeoForge\src\main\java\org\xiyu\sparta
nweaponryunofficial\api\data\model\BaseModels.java:36: error: cannot find symbo
l
      public static final ResourceLocation THROWING_KNIFE_EMPTY = ResourceLocat
ion.tryBuild(SpartanWeaponryAPI.MOD_ID, "item/base/throwing_knife_empty");
                          ^
    symbol:   class ResourceLocation
    location: class BaseModels
  C:\Users\25463\Desktop\SpartanWeaponry-NeoForge\src\main\java\org\xiyu\sparta
nweaponryunofficial\api\data\model\BaseModels.java:37: error: cannot find symbo
l
      public static final ResourceLocation TOMAHAWK = ResourceLocation.tryBuild
(SpartanWeaponryAPI.MOD_ID, "item/base/tomahawk");
                          ^
    symbol:   class ResourceLocation
    location: class BaseModels
  C:\Users\25463\Desktop\SpartanWeaponry-NeoForge\src\main\java\org\xiyu\sparta
nweaponryunofficial\api\data\model\BaseModels.java:38: error: cannot find symbo
l
      public static final ResourceLocation TOMAHAWK_THROWING = ResourceLocation
.tryBuild(SpartanWeaponryAPI.MOD_ID, "item/base/tomahawk_throwing");
                          ^
    symbol:   class ResourceLocation
    location: class BaseModels
  C:\Users\25463\Desktop\SpartanWeaponry-NeoForge\src\main\java\org\xiyu\sparta
nweaponryunofficial\api\data\model\BaseModels.java:39: error: cannot find symbo
l
      public static final ResourceLocation TOMAHAWK_EMPTY = ResourceLocation.tr
yBuild(SpartanWeaponryAPI.MOD_ID, "item/base/tomahawk_empty");
                          ^
    symbol:   class ResourceLocation
    location: class BaseModels
  C:\Users\25463\Desktop\SpartanWeaponry-NeoForge\src\main\java\org\xiyu\sparta
nweaponryunofficial\api\data\model\BaseModels.java:40: error: cannot find symbo
l
      public static final ResourceLocation JAVELIN = ResourceLocation.tryBuild(
SpartanWeaponryAPI.MOD_ID, "item/base/javelin");
                          ^
    symbol:   class ResourceLocation
    location: class BaseModels
  C:\Users\25463\Desktop\SpartanWeaponry-NeoForge\src\main\java\org\xiyu\sparta
nweaponryunofficial\api\data\model\BaseModels.java:41: error: cannot find symbo
l
      public static final ResourceLocation JAVELIN_THROWING = ResourceLocation.
tryBuild(SpartanWeaponryAPI.MOD_ID, "item/base/javelin_throwing");
                          ^
    symbol:   class ResourceLocation
    location: class BaseModels
  C:\Users\25463\Desktop\SpartanWeaponry-NeoForge\src\main\java\org\xiyu\sparta
nweaponryunofficial\api\data\model\BaseModels.java:42: error: cannot find symbo
l
      public static final ResourceLocation JAVELIN_EMPTY = ResourceLocation.try
Build(SpartanWeaponryAPI.MOD_ID, "item/base/javelin_empty");
                          ^
    symbol:   class ResourceLocation
    location: class BaseModels
  C:\Users\25463\Desktop\SpartanWeaponry-NeoForge\src\main\java\org\xiyu\sparta
nweaponryunofficial\api\data\model\BaseModels.java:43: error: cannot find symbo
l
      public static final ResourceLocation BOOMERANG = ResourceLocation.tryBuil
d(SpartanWeaponryAPI.MOD_ID, "item/base/boomerang");
                          ^
    symbol:   class ResourceLocation
    location: class BaseModels
  C:\Users\25463\Desktop\SpartanWeaponry-NeoForge\src\main\java\org\xiyu\sparta
nweaponryunofficial\api\data\model\BaseModels.java:44: error: cannot find symbo
l
      public static final ResourceLocation BOOMERANG_THROWING = ResourceLocatio
n.tryBuild(SpartanWeaponryAPI.MOD_ID, "item/base/boomerang_throwing");
                          ^
    symbol:   class ResourceLocation
    location: class BaseModels
  C:\Users\25463\Desktop\SpartanWeaponry-NeoForge\src\main\java\org\xiyu\sparta
nweaponryunofficial\api\data\model\BaseModels.java:45: error: cannot find symbo
l
      public static final ResourceLocation BOOMERANG_EMPTY = ResourceLocation.t
ryBuild(SpartanWeaponryAPI.MOD_ID, "item/base/boomerang_empty");
                          ^
    symbol:   class ResourceLocation
    location: class BaseModels
  C:\Users\25463\Desktop\SpartanWeaponry-NeoForge\src\main\java\org\xiyu\sparta
nweaponryunofficial\api\data\model\BaseModels.java:46: error: cannot find symbo
l
      public static final ResourceLocation BATTLEAXE = ResourceLocation.tryBuil
d(SpartanWeaponryAPI.MOD_ID, "item/base/battleaxe");
                          ^
    symbol:   class ResourceLocation
    location: class BaseModels
  C:\Users\25463\Desktop\SpartanWeaponry-NeoForge\src\main\java\org\xiyu\sparta
nweaponryunofficial\api\data\model\BaseModels.java:47: error: cannot find symbo
l
      public static final ResourceLocation FLANGED_MACE = ResourceLocation.tryB
uild(SpartanWeaponryAPI.MOD_ID, "item/base/flanged_mace");
                          ^
    symbol:   class ResourceLocation
    location: class BaseModels
  C:\Users\25463\Desktop\SpartanWeaponry-NeoForge\src\main\java\org\xiyu\sparta
nweaponryunofficial\api\data\model\BaseModels.java:48: error: cannot find symbo
l
      public static final ResourceLocation GLAIVE = ResourceLocation.tryBuild(S
partanWeaponryAPI.MOD_ID, "item/base/glaive");
                          ^
    symbol:   class ResourceLocation
    location: class BaseModels
  C:\Users\25463\Desktop\SpartanWeaponry-NeoForge\src\main\java\org\xiyu\sparta
nweaponryunofficial\api\data\model\BaseModels.java:49: error: cannot find symbo
l
      public static final ResourceLocation QUARTERSTAFF = ResourceLocation.tryB
uild(SpartanWeaponryAPI.MOD_ID, "item/base/quarterstaff");
                          ^
    symbol:   class ResourceLocation
    location: class BaseModels
  C:\Users\25463\Desktop\SpartanWeaponry-NeoForge\src\main\java\org\xiyu\sparta
nweaponryunofficial\api\data\model\BaseModels.java:50: error: cannot find symbo
l
      public static final ResourceLocation SCYTHE = ResourceLocation.tryBuild(S
partanWeaponryAPI.MOD_ID, "item/base/scythe");
                          ^
    symbol:   class ResourceLocation
    location: class BaseModels
  C:\Users\25463\Desktop\SpartanWeaponry-NeoForge\src\main\java\org\xiyu\sparta
nweaponryunofficial\api\data\model\ModelGenerator.java:4: error: cannot find sy
mbol
  import net.minecraft.resources.ResourceLocation;
                                ^
    symbol:   class ResourceLocation
    location: package net.minecraft.resources
  C:\Users\25463\Desktop\SpartanWeaponry-NeoForge\src\main\java\org\xiyu\sparta
nweaponryunofficial\api\data\model\ModelGenerator.java:20: error: cannot find s
ymbol
      protected final ItemModelProvider itemModelProvider;
                      ^
    symbol:   class ItemModelProvider
    location: class ModelGenerator
  C:\Users\25463\Desktop\SpartanWeaponry-NeoForge\src\main\java\org\xiyu\sparta
nweaponryunofficial\api\data\model\ModelGenerator.java:22: error: cannot find s
ymbol
      public ModelGenerator(ItemModelProvider itemModelProviderIn) {
                            ^
    symbol:   class ItemModelProvider
    location: class ModelGenerator
  C:\Users\25463\Desktop\SpartanWeaponry-NeoForge\src\main\java\org\xiyu\sparta
nweaponryunofficial\api\data\model\ModelGenerator.java:63: error: cannot find s
ymbol
      public ResourceLocation createSimpleModel(Item item) {
             ^
    symbol:   class ResourceLocation
    location: class ModelGenerator
  C:\Users\25463\Desktop\SpartanWeaponry-NeoForge\src\main\java\org\xiyu\sparta
nweaponryunofficial\api\data\model\ModelGenerator.java:74: error: cannot find s
ymbol
      public ResourceLocation createSimpleModel(Item item, String textureFolder
Path) {
             ^
    symbol:   class ResourceLocation
    location: class ModelGenerator
  C:\Users\25463\Desktop\SpartanWeaponry-NeoForge\src\main\java\org\xiyu\sparta
nweaponryunofficial\api\data\model\ModelGenerator.java:85: error: cannot find s
ymbol
      public ResourceLocation createSimpleModel(Item item, ResourceLocation par
ent) {
                                                           ^
    symbol:   class ResourceLocation
    location: class ModelGenerator
  C:\Users\25463\Desktop\SpartanWeaponry-NeoForge\src\main\java\org\xiyu\sparta
nweaponryunofficial\api\data\model\ModelGenerator.java:85: error: cannot find s
ymbol
      public ResourceLocation createSimpleModel(Item item, ResourceLocation par
ent) {
             ^
    symbol:   class ResourceLocation
    location: class ModelGenerator
  C:\Users\25463\Desktop\SpartanWeaponry-NeoForge\src\main\java\org\xiyu\sparta
nweaponryunofficial\api\data\model\ModelGenerator.java:97: error: cannot find s
ymbol
      public ResourceLocation createSimpleModel(Item item, @Nullable ResourceLo
cation parent, String textureFolderPath) {
                                                                     ^
    symbol:   class ResourceLocation
    location: class ModelGenerator
  C:\Users\25463\Desktop\SpartanWeaponry-NeoForge\src\main\java\org\xiyu\sparta
nweaponryunofficial\api\data\model\ModelGenerator.java:97: error: cannot find s
ymbol
      public ResourceLocation createSimpleModel(Item item, @Nullable ResourceLo
cation parent, String textureFolderPath) {
             ^
    symbol:   class ResourceLocation
    location: class ModelGenerator
  C:\Users\25463\Desktop\SpartanWeaponry-NeoForge\src\main\java\org\xiyu\sparta
nweaponryunofficial\api\data\model\ModelGenerator.java:113: error: cannot find 
symbol
      public ResourceLocation createMeleeWeaponModels(Item item, ResourceLocati
on baseModel, ResourceLocation coatingTexture) {
                                                                 ^
    symbol:   class ResourceLocation
    location: class ModelGenerator
  C:\Users\25463\Desktop\SpartanWeaponry-NeoForge\src\main\java\org\xiyu\sparta
nweaponryunofficial\api\data\model\ModelGenerator.java:113: error: cannot find 
symbol
      public ResourceLocation createMeleeWeaponModels(Item item, ResourceLocati
on baseModel, ResourceLocation coatingTexture) {
                                                                               
              ^
    symbol:   class ResourceLocation
    location: class ModelGenerator
  C:\Users\25463\Desktop\SpartanWeaponry-NeoForge\src\main\java\org\xiyu\sparta
nweaponryunofficial\api\data\model\ModelGenerator.java:113: error: cannot find 
symbol
      public ResourceLocation createMeleeWeaponModels(Item item, ResourceLocati
on baseModel, ResourceLocation coatingTexture) {
             ^
    symbol:   class ResourceLocation
    location: class ModelGenerator
  C:\Users\25463\Desktop\SpartanWeaponry-NeoForge\src\main\java\org\xiyu\sparta
nweaponryunofficial\api\data\model\ModelGenerator.java:126: error: cannot find 
symbol
      public ResourceLocation createMeleeWeaponModels(Item item, ResourceLocati
on baseModel, ResourceLocation coatingTexture, String textureFolderPath) {
                                                                 ^
    symbol:   class ResourceLocation
    location: class ModelGenerator
  C:\Users\25463\Desktop\SpartanWeaponry-NeoForge\src\main\java\org\xiyu\sparta
nweaponryunofficial\api\data\model\ModelGenerator.java:126: error: cannot find 
symbol
      public ResourceLocation createMeleeWeaponModels(Item item, ResourceLocati
on baseModel, ResourceLocation coatingTexture, String textureFolderPath) {
                                                                               
              ^
    symbol:   class ResourceLocation
    location: class ModelGenerator
  C:\Users\25463\Desktop\SpartanWeaponry-NeoForge\src\main\java\org\xiyu\sparta
nweaponryunofficial\api\data\model\ModelGenerator.java:126: error: cannot find 
symbol
      public ResourceLocation createMeleeWeaponModels(Item item, ResourceLocati
on baseModel, ResourceLocation coatingTexture, String textureFolderPath) {
             ^
    symbol:   class ResourceLocation
    location: class ModelGenerator
  C:\Users\25463\Desktop\SpartanWeaponry-NeoForge\src\main\java\org\xiyu\sparta
nweaponryunofficial\api\data\model\ModelGenerator.java:157: error: cannot find 
symbol
      public ResourceLocation createCestusModels(Item item, ResourceLocation ba
seModel, ResourceLocation coatingTexture) {
                                                            ^
    symbol:   class ResourceLocation
    location: class ModelGenerator
  C:\Users\25463\Desktop\SpartanWeaponry-NeoForge\src\main\java\org\xiyu\sparta
nweaponryunofficial\api\data\model\ModelGenerator.java:157: error: cannot find 
symbol
      public ResourceLocation createCestusModels(Item item, ResourceLocation ba
seModel, ResourceLocation coatingTexture) {
                                                                               
         ^
    symbol:   class ResourceLocation
    location: class ModelGenerator
  C:\Users\25463\Desktop\SpartanWeaponry-NeoForge\src\main\java\org\xiyu\sparta
nweaponryunofficial\api\data\model\ModelGenerator.java:157: error: cannot find 
symbol
      public ResourceLocation createCestusModels(Item item, ResourceLocation ba
seModel, ResourceLocation coatingTexture) {
             ^
    symbol:   class ResourceLocation
    location: class ModelGenerator
  C:\Users\25463\Desktop\SpartanWeaponry-NeoForge\src\main\java\org\xiyu\sparta
nweaponryunofficial\api\data\model\ModelGenerator.java:170: error: cannot find 
symbol
      public ResourceLocation createCestusModels(Item item, ResourceLocation ba
seModel, ResourceLocation coatingTexture, String textureFolderPath) {
                                                            ^
    symbol:   class ResourceLocation
    location: class ModelGenerator
  C:\Users\25463\Desktop\SpartanWeaponry-NeoForge\src\main\java\org\xiyu\sparta
nweaponryunofficial\api\data\model\ModelGenerator.java:170: error: cannot find 
symbol
      public ResourceLocation createCestusModels(Item item, ResourceLocation ba
seModel, ResourceLocation coatingTexture, String textureFolderPath) {
                                                                               
         ^
    symbol:   class ResourceLocation
    location: class ModelGenerator
  C:\Users\25463\Desktop\SpartanWeaponry-NeoForge\src\main\java\org\xiyu\sparta
nweaponryunofficial\api\data\model\ModelGenerator.java:170: error: cannot find 
symbol
      public ResourceLocation createCestusModels(Item item, ResourceLocation ba
seModel, ResourceLocation coatingTexture, String textureFolderPath) {
             ^
    symbol:   class ResourceLocation
    location: class ModelGenerator
  C:\Users\25463\Desktop\SpartanWeaponry-NeoForge\src\main\java\org\xiyu\sparta
nweaponryunofficial\api\data\model\ModelGenerator.java:196: error: cannot find 
symbol
      public ResourceLocation createThrowingWeaponModels(Item item, ResourceLoc
ation baseModel, ResourceLocation baseThrowingModel, ResourceLocation emptyMode
l) {
                                                                    ^
    symbol:   class ResourceLocation
    location: class ModelGenerator
  C:\Users\25463\Desktop\SpartanWeaponry-NeoForge\src\main\java\org\xiyu\sparta
nweaponryunofficial\api\data\model\ModelGenerator.java:196: error: cannot find 
symbol
      public ResourceLocation createThrowingWeaponModels(Item item, ResourceLoc
ation baseModel, ResourceLocation baseThrowingModel, ResourceLocation emptyMode
l) {
                                                                               
                 ^
    symbol:   class ResourceLocation
    location: class ModelGenerator
  C:\Users\25463\Desktop\SpartanWeaponry-NeoForge\src\main\java\org\xiyu\sparta
nweaponryunofficial\api\data\model\ModelGenerator.java:196: error: cannot find 
symbol
      public ResourceLocation createThrowingWeaponModels(Item item, ResourceLoc
ation baseModel, ResourceLocation baseThrowingModel, ResourceLocation emptyMode
l) {
                                                                               
                                                     ^
    symbol:   class ResourceLocation
    location: class ModelGenerator
  C:\Users\25463\Desktop\SpartanWeaponry-NeoForge\src\main\java\org\xiyu\sparta
nweaponryunofficial\api\data\model\ModelGenerator.java:196: error: cannot find 
symbol
      public ResourceLocation createThrowingWeaponModels(Item item, ResourceLoc
ation baseModel, ResourceLocation baseThrowingModel, ResourceLocation emptyMode
l) {
             ^
    symbol:   class ResourceLocation
    location: class ModelGenerator
  C:\Users\25463\Desktop\SpartanWeaponry-NeoForge\src\main\java\org\xiyu\sparta
nweaponryunofficial\api\data\model\ModelGenerator.java:210: error: cannot find 
symbol
      public ResourceLocation createThrowingWeaponModels(Item item, ResourceLoc
ation baseModel, ResourceLocation baseThrowingModel, ResourceLocation emptyMode
l, String textureFolderPath) {
                                                                    ^
    symbol:   class ResourceLocation
    location: class ModelGenerator
  C:\Users\25463\Desktop\SpartanWeaponry-NeoForge\src\main\java\org\xiyu\sparta
nweaponryunofficial\api\data\model\ModelGenerator.java:210: error: cannot find 
symbol
      public ResourceLocation createThrowingWeaponModels(Item item, ResourceLoc
ation baseModel, ResourceLocation baseThrowingModel, ResourceLocation emptyMode
l, String textureFolderPath) {
                                                                               
                 ^
    symbol:   class ResourceLocation
    location: class ModelGenerator
  C:\Users\25463\Desktop\SpartanWeaponry-NeoForge\src\main\java\org\xiyu\sparta
nweaponryunofficial\api\data\model\ModelGenerator.java:210: error: cannot find 
symbol
      public ResourceLocation createThrowingWeaponModels(Item item, ResourceLoc
ation baseModel, ResourceLocation baseThrowingModel, ResourceLocation emptyMode
l, String textureFolderPath) {
                                                                               
                                                     ^
    symbol:   class ResourceLocation
    location: class ModelGenerator
  C:\Users\25463\Desktop\SpartanWeaponry-NeoForge\src\main\java\org\xiyu\sparta
nweaponryunofficial\api\data\model\ModelGenerator.java:210: error: cannot find 
symbol
      public ResourceLocation createThrowingWeaponModels(Item item, ResourceLoc
ation baseModel, ResourceLocation baseThrowingModel, ResourceLocation emptyMode
l, String textureFolderPath) {
             ^
    symbol:   class ResourceLocation
    location: class ModelGenerator
  C:\Users\25463\Desktop\SpartanWeaponry-NeoForge\src\main\java\org\xiyu\sparta
nweaponryunofficial\api\data\model\ModelGenerator.java:227: error: cannot find 
symbol
      public ResourceLocation createVanillaSwordModels(Item item) {
             ^
    symbol:   class ResourceLocation
    location: class ModelGenerator
  C:\Users\25463\Desktop\SpartanWeaponry-NeoForge\src\main\java\org\xiyu\sparta
nweaponryunofficial\api\data\model\ModelGenerator.java:243: error: cannot find 
symbol
      public ResourceLocation createDaggerModels(Item item) {
             ^
    symbol:   class ResourceLocation
    location: class ModelGenerator
  C:\Users\25463\Desktop\SpartanWeaponry-NeoForge\src\main\java\org\xiyu\sparta
nweaponryunofficial\api\data\model\ModelGenerator.java:254: error: cannot find 
symbol
      public ResourceLocation createDaggerModels(Item item, String textureFolde
rPath) {
             ^
    symbol:   class ResourceLocation
    location: class ModelGenerator
  C:\Users\25463\Desktop\SpartanWeaponry-NeoForge\src\main\java\org\xiyu\sparta
nweaponryunofficial\api\data\model\ModelGenerator.java:264: error: cannot find 
symbol
      public ResourceLocation createParryingDaggerModels(Item item) {
             ^
    symbol:   class ResourceLocation
    location: class ModelGenerator
  C:\Users\25463\Desktop\SpartanWeaponry-NeoForge\src\main\java\org\xiyu\sparta
nweaponryunofficial\api\data\model\ModelGenerator.java:275: error: cannot find 
symbol
      public ResourceLocation createParryingDaggerModels(Item item, String text
ureFolderPath) {
             ^
    symbol:   class ResourceLocation
    location: class ModelGenerator
  C:\Users\25463\Desktop\SpartanWeaponry-NeoForge\src\main\java\org\xiyu\sparta
nweaponryunofficial\api\data\model\ModelGenerator.java:285: error: cannot find 
symbol
      public ResourceLocation createLongswordModel(Item item) {
             ^
    symbol:   class ResourceLocation
    location: class ModelGenerator
  C:\Users\25463\Desktop\SpartanWeaponry-NeoForge\src\main\java\org\xiyu\sparta
nweaponryunofficial\api\data\model\ModelGenerator.java:296: error: cannot find 
symbol
      public ResourceLocation createLongswordModel(Item item, String textureFol
derPath) {
             ^
    symbol:   class ResourceLocation
    location: class ModelGenerator
  C:\Users\25463\Desktop\SpartanWeaponry-NeoForge\src\main\java\org\xiyu\sparta
nweaponryunofficial\api\data\model\ModelGenerator.java:306: error: cannot find 
symbol
      public ResourceLocation createKatanaModel(Item item) {
             ^
    symbol:   class ResourceLocation
    location: class ModelGenerator
  C:\Users\25463\Desktop\SpartanWeaponry-NeoForge\src\main\java\org\xiyu\sparta
nweaponryunofficial\api\data\model\ModelGenerator.java:317: error: cannot find 
symbol
      public ResourceLocation createKatanaModel(Item item, String textureFolder
Path) {
             ^
    symbol:   class ResourceLocation
    location: class ModelGenerator
  C:\Users\25463\Desktop\SpartanWeaponry-NeoForge\src\main\java\org\xiyu\sparta
nweaponryunofficial\api\data\model\ModelGenerator.java:327: error: cannot find 
symbol
      public ResourceLocation createSaberModel(Item item) {
             ^
    symbol:   class ResourceLocation
    location: class ModelGenerator
  C:\Users\25463\Desktop\SpartanWeaponry-NeoForge\src\main\java\org\xiyu\sparta
nweaponryunofficial\api\data\model\ModelGenerator.java:338: error: cannot find 
symbol
      public ResourceLocation createSaberModel(Item item, String textureFolderP
ath) {
             ^
    symbol:   class ResourceLocation
    location: class ModelGenerator
  C:\Users\25463\Desktop\SpartanWeaponry-NeoForge\src\main\java\org\xiyu\sparta
nweaponryunofficial\api\data\model\ModelGenerator.java:348: error: cannot find 
symbol
      public ResourceLocation createRapierModel(Item item) {
             ^
    symbol:   class ResourceLocation
    location: class ModelGenerator
  C:\Users\25463\Desktop\SpartanWeaponry-NeoForge\src\main\java\org\xiyu\sparta
nweaponryunofficial\api\data\model\ModelGenerator.java:359: error: cannot find 
symbol
      public ResourceLocation createRapierModel(Item item, String textureFolder
Path) {
             ^
    symbol:   class ResourceLocation
    location: class ModelGenerator
  C:\Users\25463\Desktop\SpartanWeaponry-NeoForge\src\main\java\org\xiyu\sparta
nweaponryunofficial\api\data\model\ModelGenerator.java:369: error: cannot find 
symbol
      public ResourceLocation createGreatswordModel(Item item) {
             ^
    symbol:   class ResourceLocation
    location: class ModelGenerator
  C:\Users\25463\Desktop\SpartanWeaponry-NeoForge\src\main\java\org\xiyu\sparta
nweaponryunofficial\api\data\model\ModelGenerator.java:380: error: cannot find 
symbol
      public ResourceLocation createGreatswordModel(Item item, String textureFo
lderPath) {
             ^
    symbol:   class ResourceLocation
    location: class ModelGenerator
  C:\Users\25463\Desktop\SpartanWeaponry-NeoForge\src\main\java\org\xiyu\sparta
nweaponryunofficial\api\data\model\ModelGenerator.java:390: error: cannot find 
symbol
      public ResourceLocation createClubModel(Item item) {
             ^
    symbol:   class ResourceLocation
    location: class ModelGenerator
  C:\Users\25463\Desktop\SpartanWeaponry-NeoForge\src\main\java\org\xiyu\sparta
nweaponryunofficial\api\data\model\ModelGenerator.java:401: error: cannot find 
symbol
      public ResourceLocation createClubModel(Item item, String textureFolderPa
th) {
             ^
    symbol:   class ResourceLocation
    location: class ModelGenerator
  C:\Users\25463\Desktop\SpartanWeaponry-NeoForge\src\main\java\org\xiyu\sparta
nweaponryunofficial\api\data\model\ModelGenerator.java:411: error: cannot find 
symbol
      public ResourceLocation createCestusModel(Item item) {
             ^
    symbol:   class ResourceLocation
    location: class ModelGenerator
  Note: Recompile with -Xlint:unchecked for details.
  Note: Some input files use or override a deprecated API.
  C:\Users\25463\Desktop\SpartanWeaponry-NeoForge\src\main\java\org\xiyu\sparta
nweaponryunofficial\api\data\recipe\ConditionalShapelessRecipeBuilder.java:138:
 warning: [removal] parent(Identifier) in Builder has been deprecated and marke
d for removal
          advancement.parent(RecipeBuilder.ROOT_RECIPE_ADVANCEMENT)
                     ^
  C:\Users\25463\Desktop\SpartanWeaponry-NeoForge\src\main\java\org\xiyu\sparta
nweaponryunofficial\capability\IQuiverItemHandler.java:5: warning: [removal] II
temHandler in net.neoforged.neoforge.items has been deprecated and marked for r
emoval
  public interface IQuiverItemHandler extends IItemHandler {
                                              ^
  C:\Users\25463\Desktop\SpartanWeaponry-NeoForge\src\main\java\org\xiyu\sparta
nweaponryunofficial\capability\QuiverItemStackHandler.java:12: warning: [remova
l] ItemStackHandler in net.neoforged.neoforge.items has been deprecated and mar
ked for removal
  public class QuiverItemStackHandler extends ItemStackHandler implements IQuiv
erItemHandler {
                                              ^
  C:\Users\25463\Desktop\SpartanWeaponry-NeoForge\src\main\java\org\xiyu\sparta
nweaponryunofficial\client\gui\container\QuiverBaseScreen.java:53: warning: [re
moval] getSlots() in IItemHandler has been deprecated and marked for removal
          this.ammoSlots = handler != null ? handler.getSlots() : Defaults.Slot
sQuiverSmall;
                                                    ^
  C:\Users\25463\Desktop\SpartanWeaponry-NeoForge\src\main\java\org\xiyu\sparta
nweaponryunofficial\inventory\QuiverBaseMenu.java:40: warning: [removal] getSlo
ts() in IItemHandler has been deprecated and marked for removal
          this.playerInvStart = this.handler.getSlots();
                                            ^
  C:\Users\25463\Desktop\SpartanWeaponry-NeoForge\src\main\java\org\xiyu\sparta
nweaponryunofficial\inventory\QuiverBaseMenu.java:55: warning: [removal] getSlo
ts() in IItemHandler has been deprecated and marked for removal
          slotStartX = switch (this.handler.getSlots()) {
                                           ^
  C:\Users\25463\Desktop\SpartanWeaponry-NeoForge\src\main\java\org\xiyu\sparta
nweaponryunofficial\inventory\QuiverBaseMenu.java:72: warning: [removal] getSlo
ts() in IItemHandler has been deprecated and marked for removal
          for (int i = 0; i < this.handler.getSlots(); i++) {
                                          ^
  C:\Users\25463\Desktop\SpartanWeaponry-NeoForge\src\main\java\org\xiyu\sparta
nweaponryunofficial\inventory\QuiverBaseMenu.java:79: warning: [removal] getSlo
ts() in IItemHandler has been deprecated and marked for removal
          int yOffset = this.handler.getSlots() == Defaults.SlotsQuiverHuge ? 1
8 : 0;
                                    ^
  C:\Users\25463\Desktop\SpartanWeaponry-NeoForge\src\main\java\org\xiyu\sparta
nweaponryunofficial\inventory\QuiverBaseMenu.java:94: warning: [removal] getSlo
ts() in IItemHandler has been deprecated and marked for removal
          this.addSlot(new Slot(inventory, 40, -21, this.handler.getSlots() == 
Defaults.SlotsQuiverHuge ? 127 : 109).setBackground(InventoryMenu.BLOCK_ATLAS, 
InventoryMenu.EMPTY_ARMOR_SLOT_SHIELD));
                                                                ^
  C:\Users\25463\Desktop\SpartanWeaponry-NeoForge\src\main\java\org\xiyu\sparta
nweaponryunofficial\inventory\QuiverBaseMenu.java:107: warning: [removal] getSl
ots() in IItemHandler has been deprecated and marked for removal
              if (slotIdx >= 0 && slotIdx < this.handler.getSlots()) {
                                                        ^
  C:\Users\25463\Desktop\SpartanWeaponry-NeoForge\src\main\java\org\xiyu\sparta
nweaponryunofficial\data\recipe\TagCookingRecipeBuilder.java:99: warning: [remo
val] parent(Identifier) in Builder has been deprecated and marked for removal
          advancement.parent(ROOT_RECIPE_ADVANCEMENT)
                     ^
  C:\Users\25463\Desktop\SpartanWeaponry-NeoForge\src\main\java\org\xiyu\sparta
nweaponryunofficial\event\CommonEventHandler.java:352: warning: [removal] inser
tItem(int,ItemStack,boolean) in IItemHandler has been deprecated and marked for
 removal
              arrowStack = quiverHandler.insertItem(prioritySlot, arrowStack, f
alse);
                                        ^
  C:\Users\25463\Desktop\SpartanWeaponry-NeoForge\src\main\java\org\xiyu\sparta
nweaponryunofficial\event\CommonEventHandler.java:354: warning: [removal] getSl
ots() in IItemHandler has been deprecated and marked for removal
                  for (int j = 0; j < quiverHandler.getSlots(); j++) {
                                                   ^
  C:\Users\25463\Desktop\SpartanWeaponry-NeoForge\src\main\java\org\xiyu\sparta
nweaponryunofficial\event\CommonEventHandler.java:358: warning: [removal] inser
tItem(int,ItemStack,boolean) in IItemHandler has been deprecated and marked for
 removal
                      arrowStack = quiverHandler.insertItem(j, arrowStack, fals
e);
                                                ^
  C:\Users\25463\Desktop\SpartanWeaponry-NeoForge\src\main\java\org\xiyu\sparta
nweaponryunofficial\event\CommonEventHandler.java:379: warning: [removal] getSl
ots() in IItemHandler has been deprecated and marked for removal
              if (prioritySlot <= quiverHandler.getSlots()) {
                                               ^
  C:\Users\25463\Desktop\SpartanWeaponry-NeoForge\src\main\java\org\xiyu\sparta
nweaponryunofficial\event\CommonEventHandler.java:380: warning: [removal] extra
ctItem(int,int,boolean) in IItemHandler has been deprecated and marked for remo
val
                  arrowStack = quiverHandler.extractItem(prioritySlot, 64, fals
e);
                                            ^
  C:\Users\25463\Desktop\SpartanWeaponry-NeoForge\src\main\java\org\xiyu\sparta
nweaponryunofficial\event\CommonEventHandler.java:386: warning: [removal] getSl
ots() in IItemHandler has been deprecated and marked for removal
                  for (int j = 0; j < quiverHandler.getSlots(); j++) {
                                                   ^
  C:\Users\25463\Desktop\SpartanWeaponry-NeoForge\src\main\java\org\xiyu\sparta
nweaponryunofficial\event\CommonEventHandler.java:390: warning: [removal] extra
ctItem(int,int,boolean) in IItemHandler has been deprecated and marked for remo
val
                      arrowStack = quiverHandler.extractItem(j, 64, false);
                                                ^
  C:\Users\25463\Desktop\SpartanWeaponry-NeoForge\src\main\java\org\xiyu\sparta
nweaponryunofficial\event\CommonEventHandler.java:420: warning: [removal] getSl
ots() in IItemHandler has been deprecated and marked for removal
                          for (int i = 0; i < quiverHandler.getSlots(); i++) {
                                                           ^
  C:\Users\25463\Desktop\SpartanWeaponry-NeoForge\src\main\java\org\xiyu\sparta
nweaponryunofficial\event\CommonEventHandler.java:421: warning: [removal] inser
tItem(int,ItemStack,boolean) in IItemHandler has been deprecated and marked for
 removal
                              pickedUpStack = quiverHandler.insertItem(i, picke
dUpStack, false);
                                                           ^
  C:\Users\25463\Desktop\SpartanWeaponry-NeoForge\src\main\java\org\xiyu\sparta
nweaponryunofficial\inventory\SlotFiltered.java:10: warning: [removal] SlotItem
Handler in net.neoforged.neoforge.items has been deprecated and marked for remo
val
  public class SlotFiltered extends SlotItemHandler {
                                    ^
  C:\Users\25463\Desktop\SpartanWeaponry-NeoForge\src\main\java\org\xiyu\sparta
nweaponryunofficial\inventory\SlotFiltered.java:13: warning: [removal] IItemHan
dler in net.neoforged.neoforge.items has been deprecated and marked for removal
      public SlotFiltered(IItemHandler handlerIn, int indexIn, int xPositionIn,
 int yPositionIn, Predicate<ItemStack> filterIn) {
                          ^
  C:\Users\25463\Desktop\SpartanWeaponry-NeoForge\src\main\java\org\xiyu\sparta
nweaponryunofficial\mixin\AbstractArrowMixin.java:63: warning: [removal] getSlo
ts() in IItemHandler has been deprecated and marked for removal
                                  for (int i = 0; i < quiverHandler.getSlots();
 i++) {
                                                                   ^
  C:\Users\25463\Desktop\SpartanWeaponry-NeoForge\src\main\java\org\xiyu\sparta
nweaponryunofficial\mixin\AbstractArrowMixin.java:64: warning: [removal] insert
Item(int,ItemStack,boolean) in IItemHandler has been deprecated and marked for 
removal
                                      arrowStack = quiverHandler.insertItem(i, 
arrowStack, false);
                                                                ^
  Note: Some messages have been simplified; recompile with -Xdiags:verbose to g
et full output
  C:\Users\25463\Desktop\SpartanWeaponry-NeoForge\src\main\java\org\xiyu\sparta
nweaponryunofficial\advancement\criterion\BrewOilTrigger.java:22: error: cannot
 find symbol
  public class BrewOilTrigger extends SimpleCriterionTrigger<BrewOilTrigger.Tri
ggerInstance> {
                                      ^
    symbol: class SimpleCriterionTrigger
  Note: Some input files use unchecked or unsafe operations.
  C:\Users\25463\Desktop\SpartanWeaponry-NeoForge\src\main\java\org\xiyu\sparta
nweaponryunofficial\advancement\criterion\BrewOilTrigger.java:6: error: package
 net.minecraft.advancements.critereon does not exist
  import net.minecraft.advancements.critereon.ContextAwarePredicate;
                                             ^
  C:\Users\25463\Desktop\SpartanWeaponry-NeoForge\src\main\java\org\xiyu\sparta
nweaponryunofficial\advancement\criterion\BrewOilTrigger.java:7: error: package
 net.minecraft.advancements.critereon does not exist
  import net.minecraft.advancements.critereon.EntityPredicate;
                                             ^
  C:\Users\25463\Desktop\SpartanWeaponry-NeoForge\src\main\java\org\xiyu\sparta
nweaponryunofficial\advancement\criterion\BrewOilTrigger.java:8: error: package
 net.minecraft.advancements.critereon does not exist
  import net.minecraft.advancements.critereon.SimpleCriterionTrigger;
                                             ^
  C:\Users\25463\Desktop\SpartanWeaponry-NeoForge\src\main\java\org\xiyu\sparta
nweaponryunofficial\advancement\criterion\BrewOilTrigger.java:35: error: packag
e SimpleCriterionTrigger does not exist
              implements SimpleCriterionTrigger.SimpleInstance {
                                               ^
  C:\Users\25463\Desktop\SpartanWeaponry-NeoForge\src\main\java\org\xiyu\sparta
nweaponryunofficial\api\data\model\ModelGenerator.java:6: error: package net.ne
oforged.neoforge.client.model.generators does not exist
  import net.neoforged.neoforge.client.model.generators.ItemModelProvider;
                                                       ^
  C:\Users\25463\Desktop\SpartanWeaponry-NeoForge\src\main\java\org\xiyu\sparta
nweaponryunofficial\api\data\model\ModelGenerator.java:7: error: package net.ne
oforged.neoforge.client.model.generators.ModelFile does not exist
  import net.neoforged.neoforge.client.model.generators.ModelFile.ExistingModel
File;
                                                                 ^
  100 errors
  24 warnings

* Try:
> Check your code and dependencies to fix the compilation error(s)
> Run with --scan to generate a Build Scan (Powered by Develocity).

BUILD FAILED in 7s

Deprecated Gradle features were used in this build, making it incompatible with Gradle 10.

You can use '--warning-mode all' to show the individual deprecation warnings and determine if they come from your own scripts or plugins.

For more on this, please refer to https://docs.gradle.org/9.1.0/userguide/command_line_interface.html#sec:command_line_warnings in the Gradle documentation.
3 actionable tasks: 1 executed, 2 up-to-date
